Archive member included to satisfy reference by file (symbol)

/mnt/d/projects/Lazur_motor/Drivers/CMSIS/DSP/Lib/GCC/libarm_cortexM4lf_math.a(arm_sin_f32.o)
                              CMakeFiles/Lazur_motor.dir/VB/libvoltbro/voltbro/motors/bldc/foc/calibration.cpp.obj (arm_sin_f32)
/mnt/d/projects/Lazur_motor/Drivers/CMSIS/DSP/Lib/GCC/libarm_cortexM4lf_math.a(arm_cos_f32.o)
                              CMakeFiles/Lazur_motor.dir/VB/libvoltbro/voltbro/motors/bldc/foc/calibration.cpp.obj (arm_cos_f32)
/mnt/d/projects/Lazur_motor/Drivers/CMSIS/DSP/Lib/GCC/libarm_cortexM4lf_math.a(arm_common_tables.o)
                              /mnt/d/projects/Lazur_motor/Drivers/CMSIS/DSP/Lib/GCC/libarm_cortexM4lf_math.a(arm_sin_f32.o) (sinTable_f32)
/usr/lib/gcc/arm-none-eabi/13.2.1/../../../arm-none-eabi/lib/thumb/v7e-m+fp/hard/libstdc++_nano.a(atexit_arm.o)
                              CMakeFiles/Lazur_motor.dir/App/app.cpp.obj (__aeabi_atexit)
/usr/lib/gcc/arm-none-eabi/13.2.1/../../../arm-none-eabi/lib/thumb/v7e-m+fp/hard/libstdc++_nano.a(del_opa.o)
                              CMakeFiles/Lazur_motor.dir/VB/libcxxcanard/cyphal/allocators/o1/o1_allocator.cpp.obj (operator delete(void*, std::align_val_t))
/usr/lib/gcc/arm-none-eabi/13.2.1/../../../arm-none-eabi/lib/thumb/v7e-m+fp/hard/libstdc++_nano.a(del_ops.o)
                              CMakeFiles/Lazur_motor.dir/App/app.cpp.obj (operator delete(void*, unsigned int))
/usr/lib/gcc/arm-none-eabi/13.2.1/../../../arm-none-eabi/lib/thumb/v7e-m+fp/hard/libstdc++_nano.a(new_op.o)
                              CMakeFiles/Lazur_motor.dir/App/app.cpp.obj (operator new(unsigned int))
/usr/lib/gcc/arm-none-eabi/13.2.1/../../../arm-none-eabi/lib/thumb/v7e-m+fp/hard/libstdc++_nano.a(new_opa.o)
                              CMakeFiles/Lazur_motor.dir/VB/libcxxcanard/cyphal/allocators/o1/o1_allocator.cpp.obj (operator new(unsigned int, std::align_val_t))
/usr/lib/gcc/arm-none-eabi/13.2.1/../../../arm-none-eabi/lib/thumb/v7e-m+fp/hard/libstdc++_nano.a(functexcept.o)
                              CMakeFiles/Lazur_motor.dir/App/app.cpp.obj (std::__throw_bad_alloc())
/usr/lib/gcc/arm-none-eabi/13.2.1/../../../arm-none-eabi/lib/thumb/v7e-m+fp/hard/libstdc++_nano.a(functional.o)
                              CMakeFiles/Lazur_motor.dir/App/app.cpp.obj (std::__throw_bad_function_call())
/usr/lib/gcc/arm-none-eabi/13.2.1/../../../arm-none-eabi/lib/thumb/v7e-m+fp/hard/libstdc++_nano.a(shared_ptr.o)
                              CMakeFiles/Lazur_motor.dir/App/communications.cpp.obj (std::_Sp_make_shared_tag::_S_eq(std::type_info const&))
/usr/lib/gcc/arm-none-eabi/13.2.1/../../../arm-none-eabi/lib/thumb/v7e-m+fp/hard/libstdc++_nano.a(class_type_info.o)
                              /usr/lib/gcc/arm-none-eabi/13.2.1/../../../arm-none-eabi/lib/thumb/v7e-m+fp/hard/libstdc++_nano.a(shared_ptr.o) (vtable for __cxxabiv1::__class_type_info)
/usr/lib/gcc/arm-none-eabi/13.2.1/../../../arm-none-eabi/lib/thumb/v7e-m+fp/hard/libstdc++_nano.a(del_op.o)
                              /usr/lib/gcc/arm-none-eabi/13.2.1/../../../arm-none-eabi/lib/thumb/v7e-m+fp/hard/libstdc++_nano.a(del_ops.o) (operator delete(void*))
/usr/lib/gcc/arm-none-eabi/13.2.1/../../../arm-none-eabi/lib/thumb/v7e-m+fp/hard/libstdc++_nano.a(eh_exception.o)
                              /usr/lib/gcc/arm-none-eabi/13.2.1/../../../arm-none-eabi/lib/thumb/v7e-m+fp/hard/libstdc++_nano.a(functional.o) (std::exception::~exception())
/usr/lib/gcc/arm-none-eabi/13.2.1/../../../arm-none-eabi/lib/thumb/v7e-m+fp/hard/libstdc++_nano.a(guard.o)
                              /usr/lib/gcc/arm-none-eabi/13.2.1/../../../arm-none-eabi/lib/thumb/v7e-m+fp/hard/libstdc++_nano.a(shared_ptr.o) (__cxa_guard_acquire)
/usr/lib/gcc/arm-none-eabi/13.2.1/../../../arm-none-eabi/lib/thumb/v7e-m+fp/hard/libstdc++_nano.a(new_handler.o)
                              /usr/lib/gcc/arm-none-eabi/13.2.1/../../../arm-none-eabi/lib/thumb/v7e-m+fp/hard/libstdc++_nano.a(new_op.o) (std::get_new_handler())
/usr/lib/gcc/arm-none-eabi/13.2.1/../../../arm-none-eabi/lib/thumb/v7e-m+fp/hard/libstdc++_nano.a(si_class_type_info.o)
                              /usr/lib/gcc/arm-none-eabi/13.2.1/../../../arm-none-eabi/lib/thumb/v7e-m+fp/hard/libstdc++_nano.a(functional.o) (vtable for __cxxabiv1::__si_class_type_info)
/usr/lib/gcc/arm-none-eabi/13.2.1/../../../arm-none-eabi/lib/thumb/v7e-m+fp/hard/libstdc++_nano.a(tinfo.o)
                              /usr/lib/gcc/arm-none-eabi/13.2.1/../../../arm-none-eabi/lib/thumb/v7e-m+fp/hard/libstdc++_nano.a(class_type_info.o) (std::type_info::~type_info())
/usr/lib/gcc/arm-none-eabi/13.2.1/../../../arm-none-eabi/lib/thumb/v7e-m+fp/hard/libm.a(libm_a-sf_floor.o)
                              CMakeFiles/Lazur_motor.dir/App/communications.cpp.obj (floorf)
/usr/lib/gcc/arm-none-eabi/13.2.1/../../../arm-none-eabi/lib/thumb/v7e-m+fp/hard/libc_nano.a(libc_a-strcpy.o)
[...]
Memory Configuration

Name             Origin             Length             Attributes
RAM              0x20000000         0x00008000         xrw
FLASH            0x08000000         0x00020000         xr
*default*        0x00000000         0xffffffff

Linker script and memory map

LOAD /usr/lib/gcc/arm-none-eabi/13.2.1/thumb/v7e-m+fp/hard/crti.o
LOAD /usr/lib/gcc/arm-none-eabi/13.2.1/thumb/v7e-m+fp/hard/crtbegin.o
LOAD /usr/lib/gcc/arm-none-eabi/13.2.1/../../../arm-none-eabi/lib/thumb/v7e-m+fp/hard/crt0.o
START GROUP
END GROUP
START GROUP
LOAD /usr/lib/gcc/arm-none-eabi/13.2.1/../../../arm-none-eabi/lib/thumb/v7e-m+fp/hard/libstdc++_nano.a
LOAD /usr/lib/gcc/arm-none-eabi/13.2.1/../../../arm-none-eabi/lib/thumb/v7e-m+fp/hard/libsupc++_nano.a
END GROUP
LOAD CMakeFiles/Lazur_motor.dir/App/app.cpp.obj
LOAD CMakeFiles/Lazur_motor.dir/App/common.cpp.obj
LOAD CMakeFiles/Lazur_motor.dir/App/communications.cpp.obj
LOAD CMakeFiles/Lazur_motor.dir/VB/libvoltbro/voltbro/encoders/hall_sensor/hall_sensor.cpp.obj
LOAD CMakeFiles/Lazur_motor.dir/VB/libvoltbro/voltbro/motors/bldc/bldc.cpp.obj
LOAD CMakeFiles/Lazur_motor.dir/VB/libvoltbro/voltbro/motors/bldc/foc/calibration.cpp.obj
LOAD CMakeFiles/Lazur_motor.dir/VB/libvoltbro/voltbro/motors/bldc/foc/foc.cpp.obj
LOAD CMakeFiles/Lazur_motor.dir/VB/libvoltbro/voltbro/motors/bldc/six_step/six_step_controller.cpp.obj
LOAD CMakeFiles/Lazur_motor.dir/VB/libvoltbro/voltbro/motors/dc/dc.cpp.obj
LOAD CMakeFiles/Lazur_motor.dir/VB/libcxxcanard/cyphal/allocators/o1/o1_allocator.cpp.obj
LOAD CMakeFiles/Lazur_motor.dir/VB/libcxxcanard/cyphal/allocators/sys/sys_allocator.cpp.obj
LOAD CMakeFiles/Lazur_motor.dir/VB/libcxxcanard/cyphal/cyphal.cpp.obj
LOAD CMakeFiles/Lazur_motor.dir/VB/libcxxcanard/cyphal/definitions.cpp.obj
LOAD CMakeFiles/Lazur_motor.dir/VB/libcxxcanard/cyphal/node/node_info_handler.cpp.obj
LOAD CMakeFiles/Lazur_motor.dir/VB/libcxxcanard/cyphal/providers/FDCAN_generic.cpp.obj
LOAD CMakeFiles/Lazur_motor.dir/VB/libcxxcanard/cyphal/providers/G4CAN.cpp.obj
LOAD CMakeFiles/Lazur_motor.dir/VB/libcxxcanard/cyphal/providers/LinuxCAN.cpp.obj
LOAD CMakeFiles/Lazur_motor.dir/VB/libcxxcanard/cyphal/providers/provider.cpp.obj
LOAD CMakeFiles/Lazur_motor.dir/VB/libcxxcanard/libs/libcanard/canard.c.obj
LOAD CMakeFiles/Lazur_motor.dir/VB/libcxxcanard/libs/o1heap/o1heap.c.obj
LOAD CMakeFiles/Lazur_motor.dir/Core/Src/main.c.obj
LOAD CMakeFiles/Lazur_motor.dir/Core/Src/gpio.c.obj
LOAD CMakeFiles/Lazur_motor.dir/Core/Src/adc.c.obj
LOAD CMakeFiles/Lazur_motor.dir/Core/Src/cordic.c.obj
LOAD CMakeFiles/Lazur_motor.dir/Core/Src/dma.c.obj
LOAD CMakeFiles/Lazur_motor.dir/Core/Src/fdcan.c.obj
LOAD CMakeFiles/Lazur_motor.dir/Core/Src/i2c.c.obj
LOAD CMakeFiles/Lazur_motor.dir/Core/Src/spi.c.obj
LOAD CMakeFiles/Lazur_motor.dir/Core/Src/tim.c.obj
LOAD CMakeFiles/Lazur_motor.dir/Core/Src/usart.c.obj
LOAD CMakeFiles/Lazur_motor.dir/Core/Src/stm32g4xx_it.c.obj
LOAD CMakeFiles/Lazur_motor.dir/Core/Src/stm32g4xx_hal_msp.c.obj
LOAD CMakeFiles/Lazur_motor.dir/Drivers/STM32G4xx_HAL_Driver/Src/stm32g4xx_hal_adc.c.obj
LOAD CMakeFiles/Lazur_motor.dir/Drivers/STM32G4xx_HAL_Driver/Src/stm32g4xx_hal_adc_ex.c.obj
LOAD CMakeFiles/Lazur_motor.dir/Drivers/STM32G4xx_HAL_Driver/Src/stm32g4xx_ll_adc.c.obj
LOAD CMakeFiles/Lazur_motor.dir/Drivers/STM32G4xx_HAL_Driver/Src/stm32g4xx_hal.c.obj
LOAD CMakeFiles/Lazur_motor.dir/Drivers/STM32G4xx_HAL_Driver/Src/stm32g4xx_hal_rcc.c.obj
LOAD CMakeFiles/Lazur_motor.dir/Drivers/STM32G4xx_HAL_Driver/Src/stm32g4xx_hal_rcc_ex.c.obj
LOAD CMakeFiles/Lazur_motor.dir/Drivers/STM32G4xx_HAL_Driver/Src/stm32g4xx_hal_flash.c.obj
LOAD CMakeFiles/Lazur_motor.dir/Drivers/STM32G4xx_HAL_Driver/Src/stm32g4xx_hal_flash_ex.c.obj
LOAD CMakeFiles/Lazur_motor.dir/Drivers/STM32G4xx_HAL_Driver/Src/stm32g4xx_hal_flash_ramfunc.c.obj
LOAD CMakeFiles/Lazur_motor.dir/Drivers/STM32G4xx_HAL_Driver/Src/stm32g4xx_hal_gpio.c.obj
LOAD CMakeFiles/Lazur_motor.dir/Drivers/STM32G4xx_HAL_Driver/Src/stm32g4xx_hal_exti.c.obj
LOAD CMakeFiles/Lazur_motor.dir/Drivers/STM32G4xx_HAL_Driver/Src/stm32g4xx_hal_dma.c.obj
LOAD CMakeFiles/Lazur_motor.dir/Drivers/STM32G4xx_HAL_Driver/Src/stm32g4xx_hal_dma_ex.c.obj
LOAD CMakeFiles/Lazur_motor.dir/Drivers/STM32G4xx_HAL_Driver/Src/stm32g4xx_hal_pwr.c.obj
LOAD CMakeFiles/Lazur_motor.dir/Drivers/STM32G4xx_HAL_Driver/Src/stm32g4xx_hal_pwr_ex.c.obj
LOAD CMakeFiles/Lazur_motor.dir/Drivers/STM32G4xx_HAL_Driver/Src/stm32g4xx_hal_cortex.c.obj
LOAD CMakeFiles/Lazur_motor.dir/Drivers/STM32G4xx_HAL_Driver/Src/stm32g4xx_hal_cordic.c.obj
LOAD CMakeFiles/Lazur_motor.dir/Drivers/STM32G4xx_HAL_Driver/Src/stm32g4xx_hal_fdcan.c.obj
LOAD CMakeFiles/Lazur_motor.dir/Drivers/STM32G4xx_HAL_Driver/Src/stm32g4xx_hal_i2c.c.obj
LOAD CMakeFiles/Lazur_motor.dir/Drivers/STM32G4xx_HAL_Driver/Src/stm32g4xx_hal_i2c_ex.c.obj
LOAD CMakeFiles/Lazur_motor.dir/Drivers/STM32G4xx_HAL_Driver/Src/stm32g4xx_hal_spi.c.obj
LOAD CMakeFiles/Lazur_motor.dir/Drivers/STM32G4xx_HAL_Driver/Src/stm32g4xx_hal_spi_ex.c.obj
LOAD CMakeFiles/Lazur_motor.dir/Drivers/STM32G4xx_HAL_Driver/Src/stm32g4xx_hal_tim.c.obj
LOAD CMakeFiles/Lazur_motor.dir/Drivers/STM32G4xx_HAL_Driver/Src/stm32g4xx_hal_tim_ex.c.obj
LOAD CMakeFiles/Lazur_motor.dir/Drivers/STM32G4xx_HAL_Driver/Src/stm32g4xx_hal_uart.c.obj
LOAD CMakeFiles/Lazur_motor.dir/Drivers/STM32G4xx_HAL_Driver/Src/stm32g4xx_hal_uart_ex.c.obj
LOAD CMakeFiles/Lazur_motor.dir/Core/Src/system_stm32g4xx.c.obj
LOAD CMakeFiles/Lazur_motor.dir/Core/Src/sysmem.c.obj
LOAD CMakeFiles/Lazur_motor.dir/Core/Src/syscalls.c.obj
LOAD CMakeFiles/Lazur_motor.dir/startup_stm32g431xx.s.obj
LOAD /mnt/d/projects/Lazur_motor/Drivers/CMSIS/DSP/Lib/GCC/libarm_cortexM4lf_math.a
LOAD /usr/lib/gcc/arm-none-eabi/13.2.1/../../../arm-none-eabi/lib/thumb/v7e-m+fp/hard/libstdc++_nano.a
LOAD /usr/lib/gcc/arm-none-eabi/13.2.1/../../../arm-none-eabi/lib/thumb/v7e-m+fp/hard/libm.a
LOAD /usr/lib/gcc/arm-none-eabi/13.2.1/../../../arm-none-eabi/lib/thumb/v7e-m+fp/hard/libc_nano.a
START GROUP
LOAD /usr/lib/gcc/arm-none-eabi/13.2.1/thumb/v7e-m+fp/hard/libgcc.a
LOAD /usr/lib/gcc/arm-none-eabi/13.2.1/../../../arm-none-eabi/lib/thumb/v7e-m+fp/hard/libg_nano.a
LOAD /usr/lib/gcc/arm-none-eabi/13.2.1/../../../arm-none-eabi/lib/thumb/v7e-m+fp/hard/libc_nano.a
END GROUP
START GROUP
LOAD /usr/lib/gcc/arm-none-eabi/13.2.1/thumb/v7e-m+fp/hard/libgcc.a
LOAD /usr/lib/gcc/arm-none-eabi/13.2.1/../../../arm-none-eabi/lib/thumb/v7e-m+fp/hard/libc_nano.a
END GROUP
LOAD /usr/lib/gcc/arm-none-eabi/13.2.1/thumb/v7e-m+fp/hard/crtend.o
LOAD /usr/lib/gcc/arm-none-eabi/13.2.1/thumb/v7e-m+fp/hard/crtn.o
                0x20008000                        _estack = (ORIGIN (RAM) + LENGTH (RAM))
                0x00002000                        _Min_Heap_Size = 0x2000
                0x00004000                        _Min_Stack_Size = 0x4000

.isr_vector     0x08000000      0x1d8
                0x08000000                        . = ALIGN (0x4)
 *(.isr_vector)
 .isr_vector    0x08000000      0x1d8 CMakeFiles/Lazur_motor.dir/startup_stm32g431xx.s.obj
                0x08000000                g_pfnVectors
                0x080001d8                        . = ALIGN (0x4)

.text           0x080001d8     0x4f90
                0x080001d8                        . = ALIGN (0x4)
 *(.text)
 .text          0x080001d8       0x88 /usr/lib/gcc/arm-none-eabi/13.2.1/thumb/v7e-m+fp/hard/crtbegin.o
 .text          0x08000260       0x50 /usr/lib/gcc/arm-none-eabi/13.2.1/../../../arm-none-eabi/lib/thumb/v7e-m+fp/hard/libc_nano.a(libc_a-init.o)
                0x08000260                __libc_init_array
 .text          0x080002b0       0xa4 /usr/lib/gcc/arm-none-eabi/13.2.1/../../../arm-none-eabi/lib/thumb/v7e-m+fp/hard/libc_nano.a(libc_a-memset.o)
                0x080002b0                memset
 .text          0x08000354        0xc /usr/lib/gcc/arm-none-eabi/13.2.1/../../../arm-none-eabi/lib/thumb/v7e-m+fp/hard/libc_nano.a(libc_a-errno.o)
                0x08000354                __errno
 .text          0x08000360       0x1c /usr/lib/gcc/arm-none-eabi/13.2.1/../../../arm-none-eabi/lib/thumb/v7e-m+fp/hard/libc_nano.a(libc_a-cxa_atexit.o)
                0x08000360                __cxa_atexit
 .text          0x0800037c       0x20 /usr/lib/gcc/arm-none-eabi/13.2.1/../../../arm-none-eabi/lib/thumb/v7e-m+fp/hard/libc_nano.a(libc_a-malloc.o)
                0x0800037c                malloc
                0x0800038c                free
 .text          0x0800039c      0x148 /usr/lib/gcc/arm-none-eabi/13.2.1/../../../arm-none-eabi/lib/thumb/v7e-m+fp/hard/libc_nano.a(libc_a-mallocr.o)
                0x080003e4                _malloc_r
 .text          0x080004e4       0xbc /usr/lib/gcc/arm-none-eabi/13.2.1/../../../arm-none-eabi/lib/thumb/v7e-m+fp/hard/libc_nano.a(libc_a-freer.o)
                0x080004e4                _free_r
 .text          0x080005a0       0xac /usr/lib/gcc/arm-none-eabi/13.2.1/../../../arm-none-eabi/lib/thumb/v7e-m+fp/hard/libc_nano.a(libc_a-__atexit.o)
                0x080005a0                __register_exitproc
 .text          0x0800064c        0x8 /usr/lib/gcc/arm-none-eabi/13.2.1/../../../arm-none-eabi/lib/thumb/v7e-m+fp/hard/libc_nano.a(libc_a-mlock.o)
                0x0800064c                __malloc_lock
                0x08000650                __malloc_unlock
 .text          0x08000654       0x24 /usr/lib/gcc/arm-none-eabi/13.2.1/../../../arm-none-eabi/lib/thumb/v7e-m+fp/hard/libc_nano.a(libc_a-sbrkr.o)
                0x08000654                _sbrk_r
 .text          0x08000678       0x30 /usr/lib/gcc/arm-none-eabi/13.2.1/thumb/v7e-m+fp/hard/libgcc.a(_aeabi_uldivmod.o)
                0x08000678                __aeabi_uldivmod
 .text          0x080006a8      0x2bc /usr/lib/gcc/arm-none-eabi/13.2.1/thumb/v7e-m+fp/hard/libgcc.a(_udivmoddi4.o)
                0x080006a8                __udivmoddi4
 .text          0x08000964        0x4 /usr/lib/gcc/arm-none-eabi/13.2.1/thumb/v7e-m+fp/hard/libgcc.a(_dvmd_tls.o)
                0x08000964                __aeabi_ldiv0
                0x08000964                __aeabi_idiv0
 *(.text*)
 .text._ZN14GenericEncoder4initEv
                0x08000968        0x4 CMakeFiles/Lazur_motor.dir/App/app.cpp.obj
                0x08000968                GenericEncoder::init()
 .text._ZNK14GenericEncoder9get_valueEv
                0x0800096c        0x4 CMakeFiles/Lazur_motor.dir/App/app.cpp.obj
                0x0800096c                GenericEncoder::get_value() const
 .text._ZN14ReservedObjectI14NodeInfoReaderED2Ev
                0x08000970       0x14 CMakeFiles/Lazur_motor.dir/App/app.cpp.obj
                0x08000970                ReservedObject<NodeInfoReader>::~ReservedObject()
                0x08000970                ReservedObject<NodeInfoReader>::~ReservedObject()
 .text._ZN14ReservedObjectI16RegistersHandlerILj1EEED2Ev
                0x08000984       0x14 CMakeFiles/Lazur_motor.dir/App/app.cpp.obj
                0x08000984                ReservedObject<RegistersHandler<1u> >::~ReservedObject()
                0x08000984                ReservedObject<RegistersHandler<1u> >::~ReservedObject()
 .text._ZN14ReservedObjectI10VoltageSubED2Ev
                0x08000998       0x14 CMakeFiles/Lazur_motor.dir/App/app.cpp.obj
                0x08000998                ReservedObject<VoltageSub>::~ReservedObject()
                0x08000998                ReservedObject<VoltageSub>::~ReservedObject()
 .text._ZNSt10unique_ptrI3FOCSt14default_deleteIS0_EED2Ev
                0x080009ac       0x14 CMakeFiles/Lazur_motor.dir/App/app.cpp.obj
                0x080009ac                std::unique_ptr<FOC, std::default_delete<FOC> >::~unique_ptr()
                0x080009ac                std::unique_ptr<FOC, std::default_delete<FOC> >::~unique_ptr()
 .text._ZN6ASxxxxI13AS5047PParamsE12update_valueEv
                0x080009c0       0x94 CMakeFiles/Lazur_motor.dir/App/app.cpp.obj
                0x080009c0                ASxxxx<AS5047PParams>::update_value()
 .text._Z12setup_cordicv
                0x08000a54       0x38 CMakeFiles/Lazur_motor.dir/App/app.cpp.obj
                0x08000a54                setup_cordic()
 .text.app      0x08000a8c       0x20 CMakeFiles/Lazur_motor.dir/App/app.cpp.obj
                0x08000a8c                app
 .text.startup._GLOBAL__sub_I__Z12setup_cordicv
                0x08000aac       0x94 CMakeFiles/Lazur_motor.dir/App/app.cpp.obj
 .text.HAL_TIM_PeriodElapsedCallback
                0x08000b40       0x34 CMakeFiles/Lazur_motor.dir/App/common.cpp.obj
                0x08000b40                HAL_TIM_PeriodElapsedCallback
 .text._Z9micros_64v
                0x08000b74       0x38 CMakeFiles/Lazur_motor.dir/App/common.cpp.obj
                0x08000b74                micros_64()
 .text._Z9millis_32v
                0x08000bac        0xc CMakeFiles/Lazur_motor.dir/App/common.cpp.obj
                0x08000bac                millis_32()
 .text._ZN19AbstractCANProvider11lock_canardEv
                0x08000bb8        0x4 CMakeFiles/Lazur_motor.dir/App/communications.cpp.obj
                0x08000bb8                AbstractCANProvider::lock_canard()
 .text._ZN19AbstractCANProvider13unlock_canardEv
                0x08000bbc        0x4 CMakeFiles/Lazur_motor.dir/App/communications.cpp.obj
                0x08000bbc                AbstractCANProvider::unlock_canard()
 .text._ZNSt17_Function_handlerIFyvEPS0_E9_M_invokeERKSt9_Any_data
                0x08000bc0        0x4 CMakeFiles/Lazur_motor.dir/App/communications.cpp.obj
                0x08000bc0                std::_Function_handler<unsigned long long (), unsigned long long (*)()>::_M_invoke(std::_Any_data const&)
 .text._ZNSt17_Function_handlerIFvvEPS0_E9_M_invokeERKSt9_Any_data
                0x08000bc4        0x4 CMakeFiles/Lazur_motor.dir/App/communications.cpp.obj
                0x08000bc4                std::_Function_handler<void (), void (*)()>::_M_invoke(std::_Any_data const&)
 .text._Z20cyphal_error_handlerv
                0x08000bc8       0x2c CMakeFiles/Lazur_motor.dir/App/communications.cpp.obj
                0x08000bc8                cyphal_error_handler()
 .text._ZNSt17_Function_handlerIFvvEPS0_E10_M_managerERSt9_Any_dataRKS3_St18_Manager_operation
                0x08000bf4       0x20 CMakeFiles/Lazur_motor.dir/App/communications.cpp.obj
                0x08000bf4                std::_Function_handler<void (), void (*)()>::_M_manager(std::_Any_data&, std::_Any_data const&, std::_Manager_operation)
 .text._ZNSt17_Function_handlerIFyvEPS0_E10_M_managerERSt9_Any_dataRKS3_St18_Manager_operation
                0x08000c14       0x20 CMakeFiles/Lazur_motor.dir/App/communications.cpp.obj
                0x08000c14                std::_Function_handler<unsigned long long (), unsigned long long (*)()>::_M_manager(std::_Any_data&, std::_Any_data const&, std::_Manager_operation)
 .text._ZN13UtilityConfigD2Ev
                0x08000c34       0x24 CMakeFiles/Lazur_motor.dir/App/communications.cpp.obj
                0x08000c34                UtilityConfig::~UtilityConfig()
                0x08000c34                UtilityConfig::~UtilityConfig()
 .text._ZNSt10shared_ptrI15CyphalInterfaceED2Ev
                0x08000c58       0x2c CMakeFiles/Lazur_motor.dir/App/communications.cpp.obj
                0x08000c58                std::shared_ptr<CyphalInterface>::~shared_ptr()
                0x08000c58                std::shared_ptr<CyphalInterface>::~shared_ptr()
 .text._ZNSt14_Function_baseD2Ev
                0x08000c84       0x14 CMakeFiles/Lazur_motor.dir/App/communications.cpp.obj
                0x08000c84                std::_Function_base::~_Function_base()
                0x08000c84                std::_Function_base::~_Function_base()
 .text.startup._GLOBAL__sub_I__Z11get_node_idv
                0x08000c98       0x9c CMakeFiles/Lazur_motor.dir/App/communications.cpp.obj
 .text._ZNSt10unique_ptrI17AbstractAllocatorSt14default_deleteIS0_EED2Ev
                0x08000d34       0x14 CMakeFiles/Lazur_motor.dir/VB/libcxxcanard/cyphal/providers/provider.cpp.obj
                0x08000d34                std::unique_ptr<AbstractAllocator, std::default_delete<AbstractAllocator> >::~unique_ptr()
                0x08000d34                std::unique_ptr<AbstractAllocator, std::default_delete<AbstractAllocator> >::~unique_ptr()
 .text._ZN19AbstractCANProvider11clear_queueEv
                0x08000d48       0x5c CMakeFiles/Lazur_motor.dir/VB/libcxxcanard/cyphal/providers/provider.cpp.obj
                0x08000d48                AbstractCANProvider::clear_queue()
 .text.startup._GLOBAL__sub_I__alloc_ptr
                0x08000da4       0x18 CMakeFiles/Lazur_motor.dir/VB/libcxxcanard/cyphal/providers/provider.cpp.obj
 .text.cavlPrivateAdjustBalance
                0x08000dbc      0x120 CMakeFiles/Lazur_motor.dir/VB/libcxxcanard/libs/libcanard/canard.c.obj
 .text.canardTxPeek
                0x08000edc       0x14 CMakeFiles/Lazur_motor.dir/VB/libcxxcanard/libs/libcanard/canard.c.obj
                0x08000edc                canardTxPeek
 .text.canardTxPop
                0x08000ef0       0xe0 CMakeFiles/Lazur_motor.dir/VB/libcxxcanard/libs/libcanard/canard.c.obj
                0x08000ef0                canardTxPop
 .text.SystemClock_Config
                0x08000fd0       0x78 CMakeFiles/Lazur_motor.dir/Core/Src/main.c.obj
                0x08000fd0                SystemClock_Config
 .text.startup.main
                0x08001048       0x4c CMakeFiles/Lazur_motor.dir/Core/Src/main.c.obj
                0x08001048                main
 .text.Error_Handler
                0x08001094        0x4 CMakeFiles/Lazur_motor.dir/Core/Src/main.c.obj
                0x08001094                Error_Handler
 .text.MX_GPIO_Init
                0x08001098      0x164 CMakeFiles/Lazur_motor.dir/Core/Src/gpio.c.obj
                0x08001098                MX_GPIO_Init
 .text.MX_ADC1_Init
                0x080011fc       0xe8 CMakeFiles/Lazur_motor.dir/Core/Src/adc.c.obj
                0x080011fc                MX_ADC1_Init
 .text.MX_ADC2_Init
                0x080012e4       0xb4 CMakeFiles/Lazur_motor.dir/Core/Src/adc.c.obj
                0x080012e4                MX_ADC2_Init
 .text.HAL_ADC_MspInit
                0x08001398      0x1b0 CMakeFiles/Lazur_motor.dir/Core/Src/adc.c.obj
                0x08001398                HAL_ADC_MspInit
 .text.MX_CORDIC_Init
                0x08001548       0x20 CMakeFiles/Lazur_motor.dir/Core/Src/cordic.c.obj
                0x08001548                MX_CORDIC_Init
 .text.HAL_CORDIC_MspInit
                0x08001568       0x30 CMakeFiles/Lazur_motor.dir/Core/Src/cordic.c.obj
                0x08001568                HAL_CORDIC_MspInit
 .text.MX_DMA_Init
                0x08001598       0x54 CMakeFiles/Lazur_motor.dir/Core/Src/dma.c.obj
                0x08001598                MX_DMA_Init
 .text.MX_FDCAN1_Init
                0x080015ec       0x50 CMakeFiles/Lazur_motor.dir/Core/Src/fdcan.c.obj
                0x080015ec                MX_FDCAN1_Init
 *fill*         0x0800163c        0x4 
 .text.HAL_FDCAN_MspInit
                0x08001640       0xb4 CMakeFiles/Lazur_motor.dir/Core/Src/fdcan.c.obj
                0x08001640                HAL_FDCAN_MspInit
 .text.MX_I2C2_Init
                0x080016f4       0x70 CMakeFiles/Lazur_motor.dir/Core/Src/i2c.c.obj
                0x080016f4                MX_I2C2_Init
 .text.MX_I2C3_Init
                0x08001764       0x70 CMakeFiles/Lazur_motor.dir/Core/Src/i2c.c.obj
                0x08001764                MX_I2C3_Init
 *fill*         0x080017d4        0x4 
 .text.HAL_I2C_MspInit
                0x080017d8      0x100 CMakeFiles/Lazur_motor.dir/Core/Src/i2c.c.obj
                0x080017d8                HAL_I2C_MspInit
 .text.MX_SPI1_Init
                0x080018d8       0x50 CMakeFiles/Lazur_motor.dir/Core/Src/spi.c.obj
                0x080018d8                MX_SPI1_Init
 .text.MX_SPI3_Init
                0x08001928       0x4c CMakeFiles/Lazur_motor.dir/Core/Src/spi.c.obj
                0x08001928                MX_SPI3_Init
 *fill*         0x08001974        0x4 
 .text.HAL_SPI_MspInit
                0x08001978       0xcc CMakeFiles/Lazur_motor.dir/Core/Src/spi.c.obj
                0x08001978                HAL_SPI_MspInit
 .text.MX_TIM7_Init
                0x08001a44       0x54 CMakeFiles/Lazur_motor.dir/Core/Src/tim.c.obj
                0x08001a44                MX_TIM7_Init
 .text.HAL_TIM_PWM_MspInit
                0x08001a98       0x40 CMakeFiles/Lazur_motor.dir/Core/Src/tim.c.obj
                0x08001a98                HAL_TIM_PWM_MspInit
 .text.HAL_TIM_Base_MspInit
                0x08001ad8       0x40 CMakeFiles/Lazur_motor.dir/Core/Src/tim.c.obj
                0x08001ad8                HAL_TIM_Base_MspInit
 .text.HAL_TIM_MspPostInit
                0x08001b18       0x68 CMakeFiles/Lazur_motor.dir/Core/Src/tim.c.obj
                0x08001b18                HAL_TIM_MspPostInit
 .text.MX_TIM1_Init
                0x08001b80      0x104 CMakeFiles/Lazur_motor.dir/Core/Src/tim.c.obj
                0x08001b80                MX_TIM1_Init
 .text.MX_USART2_UART_Init
                0x08001c84       0x88 CMakeFiles/Lazur_motor.dir/Core/Src/usart.c.obj
                0x08001c84                MX_USART2_UART_Init
 *fill*         0x08001d0c        0x4 
 .text.HAL_UART_MspInit
                0x08001d10       0x98 CMakeFiles/Lazur_motor.dir/Core/Src/usart.c.obj
                0x08001d10                HAL_UART_MspInit
 .text.NMI_Handler
                0x08001da8        0x4 CMakeFiles/Lazur_motor.dir/Core/Src/stm32g4xx_it.c.obj
                0x08001da8                NMI_Handler
 .text.HardFault_Handler
                0x08001dac        0x4 CMakeFiles/Lazur_motor.dir/Core/Src/stm32g4xx_it.c.obj
                0x08001dac                HardFault_Handler
 .text.MemManage_Handler
                0x08001db0        0x4 CMakeFiles/Lazur_motor.dir/Core/Src/stm32g4xx_it.c.obj
                0x08001db0                MemManage_Handler
 .text.BusFault_Handler
                0x08001db4        0x4 CMakeFiles/Lazur_motor.dir/Core/Src/stm32g4xx_it.c.obj
                0x08001db4                BusFault_Handler
 .text.UsageFault_Handler
                0x08001db8        0x4 CMakeFiles/Lazur_motor.dir/Core/Src/stm32g4xx_it.c.obj
                0x08001db8                UsageFault_Handler
 .text.SVC_Handler
                0x08001dbc        0x4 CMakeFiles/Lazur_motor.dir/Core/Src/stm32g4xx_it.c.obj
                0x08001dbc                SVC_Handler
 .text.DebugMon_Handler
                0x08001dc0        0x4 CMakeFiles/Lazur_motor.dir/Core/Src/stm32g4xx_it.c.obj
                0x08001dc0                DebugMon_Handler
 .text.PendSV_Handler
                0x08001dc4        0x4 CMakeFiles/Lazur_motor.dir/Core/Src/stm32g4xx_it.c.obj
                0x08001dc4                PendSV_Handler
 .text.SysTick_Handler
                0x08001dc8        0x4 CMakeFiles/Lazur_motor.dir/Core/Src/stm32g4xx_it.c.obj
                0x08001dc8                SysTick_Handler
 .text.DMA1_Channel1_IRQHandler
                0x08001dcc        0xc CMakeFiles/Lazur_motor.dir/Core/Src/stm32g4xx_it.c.obj
                0x08001dcc                DMA1_Channel1_IRQHandler
 .text.DMA1_Channel2_IRQHandler
                0x08001dd8        0xc CMakeFiles/Lazur_motor.dir/Core/Src/stm32g4xx_it.c.obj
                0x08001dd8                DMA1_Channel2_IRQHandler
 .text.FDCAN1_IT0_IRQHandler
                0x08001de4        0xc CMakeFiles/Lazur_motor.dir/Core/Src/stm32g4xx_it.c.obj
                0x08001de4                FDCAN1_IT0_IRQHandler
 .text.TIM1_UP_TIM16_IRQHandler
                0x08001df0        0xc CMakeFiles/Lazur_motor.dir/Core/Src/stm32g4xx_it.c.obj
                0x08001df0                TIM1_UP_TIM16_IRQHandler
 .text.TIM7_IRQHandler
                0x08001dfc        0xc CMakeFiles/Lazur_motor.dir/Core/Src/stm32g4xx_it.c.obj
                0x08001dfc                TIM7_IRQHandler
 .text.HAL_MspInit
                0x08001e08       0x34 CMakeFiles/Lazur_motor.dir/Core/Src/stm32g4xx_hal_msp.c.obj
                0x08001e08                HAL_MspInit
 .text.HAL_ADC_Init
                0x08001e3c      0x1e8 CMakeFiles/Lazur_motor.dir/Drivers/STM32G4xx_HAL_Driver/Src/stm32g4xx_hal_adc.c.obj
                0x08001e3c                HAL_ADC_Init
 .text.HAL_ADC_ConfigChannel
                0x08002024      0x4d0 CMakeFiles/Lazur_motor.dir/Drivers/STM32G4xx_HAL_Driver/Src/stm32g4xx_hal_adc.c.obj
                0x08002024                HAL_ADC_ConfigChannel
 .text.HAL_ADCEx_MultiModeConfigChannel
                0x080024f4       0xc8 CMakeFiles/Lazur_motor.dir/Drivers/STM32G4xx_HAL_Driver/Src/stm32g4xx_hal_adc_ex.c.obj
                0x080024f4                HAL_ADCEx_MultiModeConfigChannel
 .text.HAL_InitTick
                0x080025bc       0x4c CMakeFiles/Lazur_motor.dir/Drivers/STM32G4xx_HAL_Driver/Src/stm32g4xx_hal.c.obj
                0x080025bc                HAL_InitTick
 .text.HAL_Init
                0x08002608       0x20 CMakeFiles/Lazur_motor.dir/Drivers/STM32G4xx_HAL_Driver/Src/stm32g4xx_hal.c.obj
                0x08002608                HAL_Init
 .text.HAL_IncTick
                0x08002628       0x18 CMakeFiles/Lazur_motor.dir/Drivers/STM32G4xx_HAL_Driver/Src/stm32g4xx_hal.c.obj
                0x08002628                HAL_IncTick
 .text.HAL_GetTick
                0x08002640        0xc CMakeFiles/Lazur_motor.dir/Drivers/STM32G4xx_HAL_Driver/Src/stm32g4xx_hal.c.obj
                0x08002640                HAL_GetTick
 .text.HAL_Delay
                0x0800264c       0x24 CMakeFiles/Lazur_motor.dir/Drivers/STM32G4xx_HAL_Driver/Src/stm32g4xx_hal.c.obj
                0x0800264c                HAL_Delay
 .text.HAL_RCC_OscConfig
                0x08002670      0x48c CMakeFiles/Lazur_motor.dir/Drivers/STM32G4xx_HAL_Driver/Src/stm32g4xx_hal_rcc.c.obj
                0x08002670                HAL_RCC_OscConfig
 .text.HAL_RCC_GetSysClockFreq
                0x08002afc       0x70 CMakeFiles/Lazur_motor.dir/Drivers/STM32G4xx_HAL_Driver/Src/stm32g4xx_hal_rcc.c.obj
                0x08002afc                HAL_RCC_GetSysClockFreq
 .text.HAL_RCC_ClockConfig
                0x08002b6c      0x208 CMakeFiles/Lazur_motor.dir/Drivers/STM32G4xx_HAL_Driver/Src/stm32g4xx_hal_rcc.c.obj
                0x08002b6c                HAL_RCC_ClockConfig
 .text.HAL_RCC_GetPCLK1Freq
                0x08002d74       0x24 CMakeFiles/Lazur_motor.dir/Drivers/STM32G4xx_HAL_Driver/Src/stm32g4xx_hal_rcc.c.obj
                0x08002d74                HAL_RCC_GetPCLK1Freq
 .text.HAL_RCC_GetPCLK2Freq
                0x08002d98       0x24 CMakeFiles/Lazur_motor.dir/Drivers/STM32G4xx_HAL_Driver/Src/stm32g4xx_hal_rcc.c.obj
                0x08002d98                HAL_RCC_GetPCLK2Freq
 .text.HAL_RCCEx_PeriphCLKConfig
                0x08002dbc      0x2a0 CMakeFiles/Lazur_motor.dir/Drivers/STM32G4xx_HAL_Driver/Src/stm32g4xx_hal_rcc_ex.c.obj
                0x08002dbc                HAL_RCCEx_PeriphCLKConfig
 .text.HAL_GPIO_Init
                0x0800305c      0x210 CMakeFiles/Lazur_motor.dir/Drivers/STM32G4xx_HAL_Driver/Src/stm32g4xx_hal_gpio.c.obj
                0x0800305c                HAL_GPIO_Init
 .text.HAL_GPIO_WritePin
                0x0800326c        0xc CMakeFiles/Lazur_motor.dir/Drivers/STM32G4xx_HAL_Driver/Src/stm32g4xx_hal_gpio.c.obj
                0x0800326c                HAL_GPIO_WritePin
 .text.HAL_GPIO_TogglePin
                0x08003278       0x14 CMakeFiles/Lazur_motor.dir/Drivers/STM32G4xx_HAL_Driver/Src/stm32g4xx_hal_gpio.c.obj
                0x08003278                HAL_GPIO_TogglePin
 .text.HAL_DMA_Init
                0x0800328c      0x124 CMakeFiles/Lazur_motor.dir/Drivers/STM32G4xx_HAL_Driver/Src/stm32g4xx_hal_dma.c.obj
                0x0800328c                HAL_DMA_Init
 .text.HAL_DMA_IRQHandler
                0x080033b0       0x9c CMakeFiles/Lazur_motor.dir/Drivers/STM32G4xx_HAL_Driver/Src/stm32g4xx_hal_dma.c.obj
                0x080033b0                HAL_DMA_IRQHandler
 .text.HAL_PWREx_ControlVoltageScaling
                0x0800344c       0xe4 CMakeFiles/Lazur_motor.dir/Drivers/STM32G4xx_HAL_Driver/Src/stm32g4xx_hal_pwr_ex.c.obj
                0x0800344c                HAL_PWREx_ControlVoltageScaling
 .text.HAL_PWREx_DisableUCPDDeadBattery
                0x08003530       0x10 CMakeFiles/Lazur_motor.dir/Drivers/STM32G4xx_HAL_Driver/Src/stm32g4xx_hal_pwr_ex.c.obj
                0x08003530                HAL_PWREx_DisableUCPDDeadBattery
 .text.HAL_NVIC_SetPriorityGrouping
                0x08003540       0x24 CMakeFiles/Lazur_motor.dir/Drivers/STM32G4xx_HAL_Driver/Src/stm32g4xx_hal_cortex.c.obj
                0x08003540                HAL_NVIC_SetPriorityGrouping
 .text.HAL_NVIC_SetPriority
                0x08003564       0x78 CMakeFiles/Lazur_motor.dir/Drivers/STM32G4xx_HAL_Driver/Src/stm32g4xx_hal_cortex.c.obj
                0x08003564                HAL_NVIC_SetPriority
 .text.HAL_NVIC_EnableIRQ
                0x080035dc       0x1c CMakeFiles/Lazur_motor.dir/Drivers/STM32G4xx_HAL_Driver/Src/stm32g4xx_hal_cortex.c.obj
                0x080035dc                HAL_NVIC_EnableIRQ
 .text.HAL_SYSTICK_Config
                0x080035f8       0x34 CMakeFiles/Lazur_motor.dir/Drivers/STM32G4xx_HAL_Driver/Src/stm32g4xx_hal_cortex.c.obj
                0x080035f8                HAL_SYSTICK_Config
 .text.HAL_CORDIC_Init
                0x0800362c       0x34 CMakeFiles/Lazur_motor.dir/Drivers/STM32G4xx_HAL_Driver/Src/stm32g4xx_hal_cordic.c.obj
                0x0800362c                HAL_CORDIC_Init
 .text.HAL_CORDIC_Configure
                0x08003660       0x4c CMakeFiles/Lazur_motor.dir/Drivers/STM32G4xx_HAL_Driver/Src/stm32g4xx_hal_cordic.c.obj
                0x08003660                HAL_CORDIC_Configure
 .text.HAL_FDCAN_Init
                0x080036ac      0x1dc CMakeFiles/Lazur_motor.dir/Drivers/STM32G4xx_HAL_Driver/Src/stm32g4xx_hal_fdcan.c.obj
                0x080036ac                HAL_FDCAN_Init
 .text.HAL_FDCAN_TxEventFifoCallback
                0x08003888        0x4 CMakeFiles/Lazur_motor.dir/Drivers/STM32G4xx_HAL_Driver/Src/stm32g4xx_hal_fdcan.c.obj
                0x08003888                HAL_FDCAN_TxEventFifoCallback
 .text.HAL_FDCAN_RxFifo0Callback
                0x0800388c        0x4 CMakeFiles/Lazur_motor.dir/Drivers/STM32G4xx_HAL_Driver/Src/stm32g4xx_hal_fdcan.c.obj
                0x0800388c                HAL_FDCAN_RxFifo0Callback
 .text.HAL_FDCAN_RxFifo1Callback
                0x08003890        0x4 CMakeFiles/Lazur_motor.dir/Drivers/STM32G4xx_HAL_Driver/Src/stm32g4xx_hal_fdcan.c.obj
                0x08003890                HAL_FDCAN_RxFifo1Callback
 .text.HAL_FDCAN_TxFifoEmptyCallback
                0x08003894        0x4 CMakeFiles/Lazur_motor.dir/Drivers/STM32G4xx_HAL_Driver/Src/stm32g4xx_hal_fdcan.c.obj
                0x08003894                HAL_FDCAN_TxFifoEmptyCallback
 .text.HAL_FDCAN_TxBufferCompleteCallback
                0x08003898        0x4 CMakeFiles/Lazur_motor.dir/Drivers/STM32G4xx_HAL_Driver/Src/stm32g4xx_hal_fdcan.c.obj
                0x08003898                HAL_FDCAN_TxBufferCompleteCallback
 .text.HAL_FDCAN_TxBufferAbortCallback
                0x0800389c        0x4 CMakeFiles/Lazur_motor.dir/Drivers/STM32G4xx_HAL_Driver/Src/stm32g4xx_hal_fdcan.c.obj
                0x0800389c                HAL_FDCAN_TxBufferAbortCallback
 .text.HAL_FDCAN_TimestampWraparoundCallback
                0x080038a0        0x4 CMakeFiles/Lazur_motor.dir/Drivers/STM32G4xx_HAL_Driver/Src/stm32g4xx_hal_fdcan.c.obj
                0x080038a0                HAL_FDCAN_TimestampWraparoundCallback
 .text.HAL_FDCAN_TimeoutOccurredCallback
                0x080038a4        0x4 CMakeFiles/Lazur_motor.dir/Drivers/STM32G4xx_HAL_Driver/Src/stm32g4xx_hal_fdcan.c.obj
                0x080038a4                HAL_FDCAN_TimeoutOccurredCallback
 .text.HAL_FDCAN_HighPriorityMessageCallback
                0x080038a8        0x4 CMakeFiles/Lazur_motor.dir/Drivers/STM32G4xx_HAL_Driver/Src/stm32g4xx_hal_fdcan.c.obj
                0x080038a8                HAL_FDCAN_HighPriorityMessageCallback
 .text.HAL_FDCAN_ErrorCallback
                0x080038ac        0x4 CMakeFiles/Lazur_motor.dir/Drivers/STM32G4xx_HAL_Driver/Src/stm32g4xx_hal_fdcan.c.obj
                0x080038ac                HAL_FDCAN_ErrorCallback
 .text.HAL_FDCAN_ErrorStatusCallback
                0x080038b0        0x4 CMakeFiles/Lazur_motor.dir/Drivers/STM32G4xx_HAL_Driver/Src/stm32g4xx_hal_fdcan.c.obj
                0x080038b0                HAL_FDCAN_ErrorStatusCallback
 .text.HAL_FDCAN_IRQHandler
                0x080038b4      0x188 CMakeFiles/Lazur_motor.dir/Drivers/STM32G4xx_HAL_Driver/Src/stm32g4xx_hal_fdcan.c.obj
                0x080038b4                HAL_FDCAN_IRQHandler
 .text.HAL_I2C_Init
                0x08003a3c       0xb4 CMakeFiles/Lazur_motor.dir/Drivers/STM32G4xx_HAL_Driver/Src/stm32g4xx_hal_i2c.c.obj
                0x08003a3c                HAL_I2C_Init
 .text.HAL_I2CEx_ConfigAnalogFilter
                0x08003af0       0x54 CMakeFiles/Lazur_motor.dir/Drivers/STM32G4xx_HAL_Driver/Src/stm32g4xx_hal_i2c_ex.c.obj
                0x08003af0                HAL_I2CEx_ConfigAnalogFilter
 .text.HAL_I2CEx_ConfigDigitalFilter
                0x08003b44       0x58 CMakeFiles/Lazur_motor.dir/Drivers/STM32G4xx_HAL_Driver/Src/stm32g4xx_hal_i2c_ex.c.obj
                0x08003b44                HAL_I2CEx_ConfigDigitalFilter
 .text.SPI_WaitFlagStateUntilTimeout.constprop.0
                0x08003b9c       0xc0 CMakeFiles/Lazur_motor.dir/Drivers/STM32G4xx_HAL_Driver/Src/stm32g4xx_hal_spi.c.obj
 .text.SPI_WaitFifoStateUntilTimeout.constprop.0
                0x08003c5c       0xec CMakeFiles/Lazur_motor.dir/Drivers/STM32G4xx_HAL_Driver/Src/stm32g4xx_hal_spi.c.obj
 .text.SPI_EndRxTxTransaction
                0x08003d48       0x40 CMakeFiles/Lazur_motor.dir/Drivers/STM32G4xx_HAL_Driver/Src/stm32g4xx_hal_spi.c.obj
 .text.HAL_SPI_Init
                0x08003d88       0xfc CMakeFiles/Lazur_motor.dir/Drivers/STM32G4xx_HAL_Driver/Src/stm32g4xx_hal_spi.c.obj
                0x08003d88                HAL_SPI_Init
 .text.HAL_SPI_TransmitReceive
                0x08003e84      0x29c CMakeFiles/Lazur_motor.dir/Drivers/STM32G4xx_HAL_Driver/Src/stm32g4xx_hal_spi.c.obj
                0x08003e84                HAL_SPI_TransmitReceive
 .text.TIM_OC1_SetConfig
                0x08004120       0x78 CMakeFiles/Lazur_motor.dir/Drivers/STM32G4xx_HAL_Driver/Src/stm32g4xx_hal_tim.c.obj
 .text.TIM_OC3_SetConfig
                0x08004198       0x80 CMakeFiles/Lazur_motor.dir/Drivers/STM32G4xx_HAL_Driver/Src/stm32g4xx_hal_tim.c.obj
 .text.TIM_OC4_SetConfig
                0x08004218       0x84 CMakeFiles/Lazur_motor.dir/Drivers/STM32G4xx_HAL_Driver/Src/stm32g4xx_hal_tim.c.obj
 .text.TIM_OC5_SetConfig
                0x0800429c       0x68 CMakeFiles/Lazur_motor.dir/Drivers/STM32G4xx_HAL_Driver/Src/stm32g4xx_hal_tim.c.obj
 .text.TIM_OC6_SetConfig
                0x08004304       0x6c CMakeFiles/Lazur_motor.dir/Drivers/STM32G4xx_HAL_Driver/Src/stm32g4xx_hal_tim.c.obj
 .text.HAL_TIM_Base_Start_IT
                0x08004370       0x70 CMakeFiles/Lazur_motor.dir/Drivers/STM32G4xx_HAL_Driver/Src/stm32g4xx_hal_tim.c.obj
                0x08004370                HAL_TIM_Base_Start_IT
 .text.HAL_TIM_OC_DelayElapsedCallback
                0x080043e0        0x4 CMakeFiles/Lazur_motor.dir/Drivers/STM32G4xx_HAL_Driver/Src/stm32g4xx_hal_tim.c.obj
                0x080043e0                HAL_TIM_OC_DelayElapsedCallback
 .text.HAL_TIM_IC_CaptureCallback
                0x080043e4        0x4 CMakeFiles/Lazur_motor.dir/Drivers/STM32G4xx_HAL_Driver/Src/stm32g4xx_hal_tim.c.obj
                0x080043e4                HAL_TIM_IC_CaptureCallback
 .text.HAL_TIM_PWM_PulseFinishedCallback
                0x080043e8        0x4 CMakeFiles/Lazur_motor.dir/Drivers/STM32G4xx_HAL_Driver/Src/stm32g4xx_hal_tim.c.obj
                0x080043e8                HAL_TIM_PWM_PulseFinishedCallback
 .text.HAL_TIM_TriggerCallback
                0x080043ec        0x4 CMakeFiles/Lazur_motor.dir/Drivers/STM32G4xx_HAL_Driver/Src/stm32g4xx_hal_tim.c.obj
                0x080043ec                HAL_TIM_TriggerCallback
 .text.HAL_TIM_IRQHandler
                0x080043f0      0x1c4 CMakeFiles/Lazur_motor.dir/Drivers/STM32G4xx_HAL_Driver/Src/stm32g4xx_hal_tim.c.obj
                0x080043f0                HAL_TIM_IRQHandler
 .text.TIM_Base_SetConfig
                0x080045b4       0xc8 CMakeFiles/Lazur_motor.dir/Drivers/STM32G4xx_HAL_Driver/Src/stm32g4xx_hal_tim.c.obj
                0x080045b4                TIM_Base_SetConfig
 .text.HAL_TIM_Base_Init
                0x0800467c       0x64 CMakeFiles/Lazur_motor.dir/Drivers/STM32G4xx_HAL_Driver/Src/stm32g4xx_hal_tim.c.obj
                0x0800467c                HAL_TIM_Base_Init
 .text.HAL_TIM_PWM_Init
                0x080046e0       0x64 CMakeFiles/Lazur_motor.dir/Drivers/STM32G4xx_HAL_Driver/Src/stm32g4xx_hal_tim.c.obj
                0x080046e0                HAL_TIM_PWM_Init
 .text.TIM_OC2_SetConfig
                0x08004744       0x84 CMakeFiles/Lazur_motor.dir/Drivers/STM32G4xx_HAL_Driver/Src/stm32g4xx_hal_tim.c.obj
                0x08004744                TIM_OC2_SetConfig
 .text.HAL_TIM_PWM_ConfigChannel
                0x080047c8      0x108 CMakeFiles/Lazur_motor.dir/Drivers/STM32G4xx_HAL_Driver/Src/stm32g4xx_hal_tim.c.obj
                0x080047c8                HAL_TIM_PWM_ConfigChannel
 .text.HAL_TIMEx_MasterConfigSynchronization
                0x080048d0       0xa4 CMakeFiles/Lazur_motor.dir/Drivers/STM32G4xx_HAL_Driver/Src/stm32g4xx_hal_tim_ex.c.obj
                0x080048d0                HAL_TIMEx_MasterConfigSynchronization
 .text.HAL_TIMEx_ConfigBreakDeadTime
                0x08004974       0x9c CMakeFiles/Lazur_motor.dir/Drivers/STM32G4xx_HAL_Driver/Src/stm32g4xx_hal_tim_ex.c.obj
                0x08004974                HAL_TIMEx_ConfigBreakDeadTime
 .text.HAL_TIMEx_CommutCallback
                0x08004a10        0x4 CMakeFiles/Lazur_motor.dir/Drivers/STM32G4xx_HAL_Driver/Src/stm32g4xx_hal_tim_ex.c.obj
                0x08004a10                HAL_TIMEx_CommutCallback
 .text.HAL_TIMEx_BreakCallback
                0x08004a14        0x4 CMakeFiles/Lazur_motor.dir/Drivers/STM32G4xx_HAL_Driver/Src/stm32g4xx_hal_tim_ex.c.obj
                0x08004a14                HAL_TIMEx_BreakCallback
 .text.HAL_TIMEx_Break2Callback
                0x08004a18        0x4 CMakeFiles/Lazur_motor.dir/Drivers/STM32G4xx_HAL_Driver/Src/stm32g4xx_hal_tim_ex.c.obj
                0x08004a18                HAL_TIMEx_Break2Callback
 .text.HAL_TIMEx_EncoderIndexCallback
                0x08004a1c        0x4 CMakeFiles/Lazur_motor.dir/Drivers/STM32G4xx_HAL_Driver/Src/stm32g4xx_hal_tim_ex.c.obj
                0x08004a1c                HAL_TIMEx_EncoderIndexCallback
 .text.HAL_TIMEx_DirectionChangeCallback
                0x08004a20        0x4 CMakeFiles/Lazur_motor.dir/Drivers/STM32G4xx_HAL_Driver/Src/stm32g4xx_hal_tim_ex.c.obj
                0x08004a20                HAL_TIMEx_DirectionChangeCallback
 .text.HAL_TIMEx_IndexErrorCallback
                0x08004a24        0x4 CMakeFiles/Lazur_motor.dir/Drivers/STM32G4xx_HAL_Driver/Src/stm32g4xx_hal_tim_ex.c.obj
                0x08004a24                HAL_TIMEx_IndexErrorCallback
 .text.HAL_TIMEx_TransitionErrorCallback
                0x08004a28        0x4 CMakeFiles/Lazur_motor.dir/Drivers/STM32G4xx_HAL_Driver/Src/stm32g4xx_hal_tim_ex.c.obj
                0x08004a28                HAL_TIMEx_TransitionErrorCallback
 .text.UART_EndRxTransfer
                0x08004a2c       0x6c CMakeFiles/Lazur_motor.dir/Drivers/STM32G4xx_HAL_Driver/Src/stm32g4xx_hal_uart.c.obj
 .text.UART_SetConfig
                0x08004a98      0x278 CMakeFiles/Lazur_motor.dir/Drivers/STM32G4xx_HAL_Driver/Src/stm32g4xx_hal_uart.c.obj
                0x08004a98                UART_SetConfig
 .text.UART_AdvFeatureConfig
                0x08004d10       0xb0 CMakeFiles/Lazur_motor.dir/Drivers/STM32G4xx_HAL_Driver/Src/stm32g4xx_hal_uart.c.obj
                0x08004d10                UART_AdvFeatureConfig
 .text.UART_WaitOnFlagUntilTimeout
                0x08004dc0       0x9c CMakeFiles/Lazur_motor.dir/Drivers/STM32G4xx_HAL_Driver/Src/stm32g4xx_hal_uart.c.obj
                0x08004dc0                UART_WaitOnFlagUntilTimeout
 .text.UART_CheckIdleState
                0x08004e5c       0xbc CMakeFiles/Lazur_motor.dir/Drivers/STM32G4xx_HAL_Driver/Src/stm32g4xx_hal_uart.c.obj
                0x08004e5c                UART_CheckIdleState
 .text.HAL_UART_Init
                0x08004f18       0x68 CMakeFiles/Lazur_motor.dir/Drivers/STM32G4xx_HAL_Driver/Src/stm32g4xx_hal_uart.c.obj
                0x08004f18                HAL_UART_Init
 .text.UARTEx_SetNbDataToProcess.part.0
                0x08004f80       0x40 CMakeFiles/Lazur_motor.dir/Drivers/STM32G4xx_HAL_Driver/Src/stm32g4xx_hal_uart_ex.c.obj
 .text.HAL_UARTEx_DisableFifoMode
                0x08004fc0       0x3c CMakeFiles/Lazur_motor.dir/Drivers/STM32G4xx_HAL_Driver/Src/stm32g4xx_hal_uart_ex.c.obj
                0x08004fc0                HAL_UARTEx_DisableFifoMode
 .text.HAL_UARTEx_SetTxFifoThreshold
                0x08004ffc       0x4c CMakeFiles/Lazur_motor.dir/Drivers/STM32G4xx_HAL_Driver/Src/stm32g4xx_hal_uart_ex.c.obj
                0x08004ffc                HAL_UARTEx_SetTxFifoThreshold
 .text.HAL_UARTEx_SetRxFifoThreshold
                0x08005048       0x4c CMakeFiles/Lazur_motor.dir/Drivers/STM32G4xx_HAL_Driver/Src/stm32g4xx_hal_uart_ex.c.obj
                0x08005048                HAL_UARTEx_SetRxFifoThreshold
 .text.SystemInit
                0x08005094       0x14 CMakeFiles/Lazur_motor.dir/Core/Src/system_stm32g4xx.c.obj
                0x08005094                SystemInit
 .text._sbrk    0x080050a8       0x44 CMakeFiles/Lazur_motor.dir/Core/Src/sysmem.c.obj
                0x080050a8                _sbrk
 .text.Reset_Handler
                0x080050ec       0x50 CMakeFiles/Lazur_motor.dir/startup_stm32g431xx.s.obj
                0x080050ec                Reset_Handler
 .text.Default_Handler
                0x0800513c        0x2 CMakeFiles/Lazur_motor.dir/startup_stm32g431xx.s.obj
                0x0800513c                RTC_Alarm_IRQHandler
                0x0800513c                EXTI2_IRQHandler
                0x0800513c                TIM8_TRG_COM_IRQHandler
                0x0800513c                TIM8_CC_IRQHandler
                0x0800513c                TIM1_CC_IRQHandler
                0x0800513c                USB_HP_IRQHandler
                0x0800513c                CORDIC_IRQHandler
                0x0800513c                EXTI3_IRQHandler
                0x0800513c                I2C3_ER_IRQHandler
                0x0800513c                EXTI0_IRQHandler
                0x0800513c                I2C2_EV_IRQHandler
                0x0800513c                FPU_IRQHandler
                0x0800513c                FDCAN1_IT1_IRQHandler
                0x0800513c                ADC1_2_IRQHandler
                0x0800513c                SPI1_IRQHandler
                0x0800513c                TIM6_DAC_IRQHandler
                0x0800513c                TIM8_UP_IRQHandler
                0x0800513c                DMA2_Channel2_IRQHandler
                0x0800513c                DMA1_Channel4_IRQHandler
                0x0800513c                USART3_IRQHandler
                0x0800513c                TIM4_IRQHandler
                0x0800513c                DMA2_Channel1_IRQHandler
                0x0800513c                I2C1_EV_IRQHandler
                0x0800513c                DMA1_Channel6_IRQHandler
                0x0800513c                UART4_IRQHandler
                0x0800513c                DMA2_Channel4_IRQHandler
                0x0800513c                TIM3_IRQHandler
                0x0800513c                RCC_IRQHandler
                0x0800513c                Default_Handler
                0x0800513c                RTC_TAMP_LSECSS_IRQHandler
                0x0800513c                FMAC_IRQHandler
                0x0800513c                EXTI15_10_IRQHandler
                0x0800513c                UCPD1_IRQHandler
                0x0800513c                I2C3_EV_IRQHandler
                0x0800513c                EXTI9_5_IRQHandler
                0x0800513c                RTC_WKUP_IRQHandler
                0x0800513c                PVD_PVM_IRQHandler
                0x0800513c                SPI2_IRQHandler
                0x0800513c                DMA2_Channel5_IRQHandler
                0x0800513c                CRS_IRQHandler
                0x0800513c                DMA1_Channel5_IRQHandler
                0x0800513c                USB_LP_IRQHandler
                0x0800513c                EXTI4_IRQHandler
                0x0800513c                RNG_IRQHandler
                0x0800513c                TIM1_TRG_COM_TIM17_IRQHandler
                0x0800513c                DMA1_Channel3_IRQHandler
                0x0800513c                WWDG_IRQHandler
                0x0800513c                LPUART1_IRQHandler
                0x0800513c                DMA2_Channel6_IRQHandler
                0x0800513c                TIM2_IRQHandler
                0x0800513c                COMP1_2_3_IRQHandler
                0x0800513c                EXTI1_IRQHandler
                0x0800513c                USART2_IRQHandler
                0x0800513c                I2C2_ER_IRQHandler
                0x0800513c                TIM8_BRK_IRQHandler
                0x0800513c                FLASH_IRQHandler
                0x0800513c                USART1_IRQHandler
                0x0800513c                SPI3_IRQHandler
                0x0800513c                I2C1_ER_IRQHandler
                0x0800513c                LPTIM1_IRQHandler
                0x0800513c                DMAMUX_OVR_IRQHandler
                0x0800513c                USBWakeUp_IRQHandler
                0x0800513c                SAI1_IRQHandler
                0x0800513c                DMA2_Channel3_IRQHandler
                0x0800513c                COMP4_IRQHandler
                0x0800513c                TIM1_BRK_TIM15_IRQHandler
 .text.__aeabi_atexit
                0x0800513e        0xa /usr/lib/gcc/arm-none-eabi/13.2.1/../../../arm-none-eabi/lib/thumb/v7e-m+fp/hard/libstdc++_nano.a(atexit_arm.o)
                0x0800513e                __aeabi_atexit
 .text._ZdlPvj  0x08005148        0x4 /usr/lib/gcc/arm-none-eabi/13.2.1/../../../arm-none-eabi/lib/thumb/v7e-m+fp/hard/libstdc++_nano.a(del_ops.o)
                0x08005148                operator delete(void*, unsigned int)
 .text._ZdlPv   0x0800514c        0x4 /usr/lib/gcc/arm-none-eabi/13.2.1/../../../arm-none-eabi/lib/thumb/v7e-m+fp/hard/libstdc++_nano.a(del_op.o)
                0x0800514c                operator delete(void*)
 *(.glue_7)
 .glue_7        0x08005150        0x0 linker stubs
 *(.glue_7t)
 .glue_7t       0x08005150        0x0 linker stubs
 *(.eh_frame)
 .eh_frame      0x08005150        0x0 /usr/lib/gcc/arm-none-eabi/13.2.1/thumb/v7e-m+fp/hard/crtbegin.o
 *(.init)
 .init          0x08005150        0x4 /usr/lib/gcc/arm-none-eabi/13.2.1/thumb/v7e-m+fp/hard/crti.o
                0x08005150                _init
 .init          0x08005154        0x8 /usr/lib/gcc/arm-none-eabi/13.2.1/thumb/v7e-m+fp/hard/crtn.o
 *(.fini)
 .fini          0x0800515c        0x4 /usr/lib/gcc/arm-none-eabi/13.2.1/thumb/v7e-m+fp/hard/crti.o
                0x0800515c                _fini
 .fini          0x08005160        0x8 /usr/lib/gcc/arm-none-eabi/13.2.1/thumb/v7e-m+fp/hard/crtn.o
                0x08005168                        . = ALIGN (0x4)
                0x08005168                        _etext = .

.vfp11_veneer   0x08005168        0x0
 .vfp11_veneer  0x08005168        0x0 linker stubs

.v4_bx          0x08005168        0x0
 .v4_bx         0x08005168        0x0 linker stubs

.iplt           0x08005168        0x0
 .iplt          0x08005168        0x0 /usr/lib/gcc/arm-none-eabi/13.2.1/thumb/v7e-m+fp/hard/crtbegin.o

.rodata         0x08005168       0xb0
                0x08005168                        . = ALIGN (0x4)
 *(.rodata)
 .rodata        0x08005168       0x58 CMakeFiles/Lazur_motor.dir/App/app.cpp.obj
 .rodata        0x080051c0        0x4 /usr/lib/gcc/arm-none-eabi/13.2.1/../../../arm-none-eabi/lib/thumb/v7e-m+fp/hard/libc_nano.a(libc_a-on_exit_args.o)
                0x080051c0                __on_exit_args
 *(.rodata*)
 .rodata._ZTV7AS5047P
                0x080051c4       0x14 CMakeFiles/Lazur_motor.dir/App/app.cpp.obj
                0x080051c4                vtable for AS5047P
 .rodata.UARTPrescTable
                0x080051d8       0x18 CMakeFiles/Lazur_motor.dir/Drivers/STM32G4xx_HAL_Driver/Src/stm32g4xx_hal_uart.c.obj
                0x080051d8                UARTPrescTable
 .rodata.denominator.0
                0x080051f0        0x8 CMakeFiles/Lazur_motor.dir/Drivers/STM32G4xx_HAL_Driver/Src/stm32g4xx_hal_uart_ex.c.obj
 .rodata.numerator.1
                0x080051f8        0x8 CMakeFiles/Lazur_motor.dir/Drivers/STM32G4xx_HAL_Driver/Src/stm32g4xx_hal_uart_ex.c.obj
 .rodata.APBPrescTable
                0x08005200        0x8 CMakeFiles/Lazur_motor.dir/Core/Src/system_stm32g4xx.c.obj
                0x08005200                APBPrescTable
 .rodata.AHBPrescTable
                0x08005208       0x10 CMakeFiles/Lazur_motor.dir/Core/Src/system_stm32g4xx.c.obj
                0x08005208                AHBPrescTable
                0x08005218                        . = ALIGN (0x4)

.ARM.extab
 *(.ARM.extab* .gnu.linkonce.armextab.*)

.ARM            0x08005218        0x8
                0x08005218                        __exidx_start = .
 *(.ARM.exidx*)
 .ARM.exidx     0x08005218        0x8 /usr/lib/gcc/arm-none-eabi/13.2.1/thumb/v7e-m+fp/hard/libgcc.a(_udivmoddi4.o)
                0x08005220                        __exidx_end = .

.rel.dyn        0x08005220        0x0
 .rel.iplt      0x08005220        0x0 /usr/lib/gcc/arm-none-eabi/13.2.1/thumb/v7e-m+fp/hard/crtbegin.o

.preinit_array  0x08005220        0x0
                0x08005220                        PROVIDE (__preinit_array_start = .)
 *(.preinit_array*)
                0x08005220                        PROVIDE (__preinit_array_end = .)

.init_array     0x08005220       0x10
                0x08005220                        PROVIDE (__init_array_start = .)
 *(SORT_BY_NAME(.init_array.*))
 *(.init_array*)
 .init_array    0x08005220        0x4 /usr/lib/gcc/arm-none-eabi/13.2.1/thumb/v7e-m+fp/hard/crtbegin.o
 .init_array    0x08005224        0x4 CMakeFiles/Lazur_motor.dir/App/app.cpp.obj
 .init_array    0x08005228        0x4 CMakeFiles/Lazur_motor.dir/App/communications.cpp.obj
 .init_array    0x0800522c        0x4 CMakeFiles/Lazur_motor.dir/VB/libcxxcanard/cyphal/providers/provider.cpp.obj
                0x08005230                        PROVIDE (__init_array_end = .)

.fini_array     0x08005230        0x4
                0x08005230                        PROVIDE (__fini_array_start = .)
 *(SORT_BY_NAME(.fini_array.*))
 *(.fini_array*)
 .fini_array    0x08005230        0x4 /usr/lib/gcc/arm-none-eabi/13.2.1/thumb/v7e-m+fp/hard/crtbegin.o
                0x08005234                        PROVIDE (__fini_array_end = .)
                0x08005234                        _sidata = LOADADDR (.data)

.data           0x20000000       0x60 load address 0x08005234
                0x20000000                        . = ALIGN (0x4)
                0x20000000                        _sdata = .
 *(.data)
 .data          0x20000000        0x4 /usr/lib/gcc/arm-none-eabi/13.2.1/thumb/v7e-m+fp/hard/crtbegin.o
                0x20000000                __dso_handle
 .data          0x20000004       0x50 /usr/lib/gcc/arm-none-eabi/13.2.1/../../../arm-none-eabi/lib/thumb/v7e-m+fp/hard/libc_nano.a(libc_a-impure.o)
                0x20000004                _impure_ptr
                0x20000008                _impure_data
 *(.data*)
 .data.uwTickFreq
                0x20000054        0x4 CMakeFiles/Lazur_motor.dir/Drivers/STM32G4xx_HAL_Driver/Src/stm32g4xx_hal.c.obj
                0x20000054                uwTickFreq
 .data.uwTickPrio
                0x20000058        0x4 CMakeFiles/Lazur_motor.dir/Drivers/STM32G4xx_HAL_Driver/Src/stm32g4xx_hal.c.obj
                0x20000058                uwTickPrio
 .data.SystemCoreClock
                0x2000005c        0x4 CMakeFiles/Lazur_motor.dir/Core/Src/system_stm32g4xx.c.obj
                0x2000005c                SystemCoreClock
                0x20000060                        . = ALIGN (0x4)
                0x20000060                        _edata = .

.tm_clone_table
                0x20000060        0x0 load address 0x08005294
 .tm_clone_table
                0x20000060        0x0 /usr/lib/gcc/arm-none-eabi/13.2.1/thumb/v7e-m+fp/hard/crtbegin.o
 .tm_clone_table
                0x20000060        0x0 /usr/lib/gcc/arm-none-eabi/13.2.1/thumb/v7e-m+fp/hard/crtend.o

.igot.plt       0x20000060        0x0 load address 0x08005294
 .igot.plt      0x20000060        0x0 /usr/lib/gcc/arm-none-eabi/13.2.1/thumb/v7e-m+fp/hard/crtbegin.o
                0x20000060                        . = ALIGN (0x4)

.bss            0x20000060     0x12ac load address 0x08005294
                0x20000060                        _sbss = .
                0x20000060                        __bss_start__ = _sbss
 *(.bss)
 .bss           0x20000060       0x1c /usr/lib/gcc/arm-none-eabi/13.2.1/thumb/v7e-m+fp/hard/crtbegin.o
 .bss           0x2000007c      0x108 /usr/lib/gcc/arm-none-eabi/13.2.1/../../../arm-none-eabi/lib/thumb/v7e-m+fp/hard/libc_nano.a(libc_a-on_exit_args.o)
 .bss           0x20000184      0x13c /usr/lib/gcc/arm-none-eabi/13.2.1/../../../arm-none-eabi/lib/thumb/v7e-m+fp/hard/libc_nano.a(libc_a-findfp.o)
                0x20000184                __sf
                0x200002bc                __stdio_exit_handler
 .bss           0x200002c0        0x8 /usr/lib/gcc/arm-none-eabi/13.2.1/../../../arm-none-eabi/lib/thumb/v7e-m+fp/hard/libc_nano.a(libc_a-mallocr.o)
                0x200002c0                __malloc_sbrk_start
                0x200002c4                __malloc_free_list
 .bss           0x200002c8       0x8c /usr/lib/gcc/arm-none-eabi/13.2.1/../../../arm-none-eabi/lib/thumb/v7e-m+fp/hard/libc_nano.a(libc_a-__atexit.o)
                0x200002c8                __atexit0
 .bss           0x20000354        0x4 /usr/lib/gcc/arm-none-eabi/13.2.1/../../../arm-none-eabi/lib/thumb/v7e-m+fp/hard/libc_nano.a(libc_a-__call_atexit.o)
                0x20000354                __atexit
 .bss           0x20000358        0x4 /usr/lib/gcc/arm-none-eabi/13.2.1/../../../arm-none-eabi/lib/thumb/v7e-m+fp/hard/libc_nano.a(libc_a-reent.o)
                0x20000358                errno
 *(.bss*)
 .bss.voltage_sub
                0x2000035c      0x23c CMakeFiles/Lazur_motor.dir/App/app.cpp.obj
                0x2000035c                voltage_sub
 .bss.registers_handler
                0x20000598      0x49c CMakeFiles/Lazur_motor.dir/App/app.cpp.obj
                0x20000598                registers_handler
 .bss.node_info_reader
                0x20000a34      0x38c CMakeFiles/Lazur_motor.dir/App/app.cpp.obj
                0x20000a34                node_info_reader
 .bss.motor     0x20000dc0        0x4 CMakeFiles/Lazur_motor.dir/App/app.cpp.obj
                0x20000dc0                motor
 .bss.encoder   0x20000dc4       0x24 CMakeFiles/Lazur_motor.dir/App/app.cpp.obj
                0x20000dc4                encoder
 .bss._ZL8millis_k
                0x20000de8        0x4 CMakeFiles/Lazur_motor.dir/App/common.cpp.obj
 .bss.utilities
                0x20000dec       0x20 CMakeFiles/Lazur_motor.dir/App/communications.cpp.obj
                0x20000dec                utilities
 .bss._ZL25delay_cyphal_until_millis
                0x20000e0c        0x4 CMakeFiles/Lazur_motor.dir/App/communications.cpp.obj
 .bss._ZL13_is_cyphal_on
                0x20000e10        0x1 CMakeFiles/Lazur_motor.dir/App/communications.cpp.obj
 *fill*         0x20000e11        0x7 
 .bss._ZL16cyphal_interface
                0x20000e18        0x8 CMakeFiles/Lazur_motor.dir/App/communications.cpp.obj
 .bss._alloc_ptr
                0x20000e20        0x4 CMakeFiles/Lazur_motor.dir/VB/libcxxcanard/cyphal/providers/provider.cpp.obj
                0x20000e20                _alloc_ptr
 .bss.HAL_RCC_ADC12_CLK_ENABLED
                0x20000e24        0x4 CMakeFiles/Lazur_motor.dir/Core/Src/adc.c.obj
 .bss.hdma_adc2
                0x20000e28       0x60 CMakeFiles/Lazur_motor.dir/Core/Src/adc.c.obj
                0x20000e28                hdma_adc2
 .bss.hdma_adc1
                0x20000e88       0x60 CMakeFiles/Lazur_motor.dir/Core/Src/adc.c.obj
                0x20000e88                hdma_adc1
 .bss.hadc2     0x20000ee8       0x6c CMakeFiles/Lazur_motor.dir/Core/Src/adc.c.obj
                0x20000ee8                hadc2
 .bss.hadc1     0x20000f54       0x6c CMakeFiles/Lazur_motor.dir/Core/Src/adc.c.obj
                0x20000f54                hadc1
 .bss.hcordic   0x20000fc0       0x28 CMakeFiles/Lazur_motor.dir/Core/Src/cordic.c.obj
                0x20000fc0                hcordic
 .bss.hfdcan1   0x20000fe8       0x64 CMakeFiles/Lazur_motor.dir/Core/Src/fdcan.c.obj
                0x20000fe8                hfdcan1
 *fill*         0x2000104c        0x4 
 .bss.hi2c3     0x20001050       0x54 CMakeFiles/Lazur_motor.dir/Core/Src/i2c.c.obj
                0x20001050                hi2c3
 *fill*         0x200010a4        0x4 
 .bss.hi2c2     0x200010a8       0x54 CMakeFiles/Lazur_motor.dir/Core/Src/i2c.c.obj
                0x200010a8                hi2c2
 *fill*         0x200010fc        0x4 
 .bss.hspi3     0x20001100       0x64 CMakeFiles/Lazur_motor.dir/Core/Src/spi.c.obj
                0x20001100                hspi3
 *fill*         0x20001164        0x4 
 .bss.hspi1     0x20001168       0x64 CMakeFiles/Lazur_motor.dir/Core/Src/spi.c.obj
                0x20001168                hspi1
 *fill*         0x200011cc        0x4 
 .bss.htim7     0x200011d0       0x4c CMakeFiles/Lazur_motor.dir/Core/Src/tim.c.obj
                0x200011d0                htim7
 *fill*         0x2000121c        0x4 
 .bss.htim1     0x20001220       0x4c CMakeFiles/Lazur_motor.dir/Core/Src/tim.c.obj
                0x20001220                htim1
 *fill*         0x2000126c        0x4 
 .bss.huart2    0x20001270       0x94 CMakeFiles/Lazur_motor.dir/Core/Src/usart.c.obj
                0x20001270                huart2
 .bss.uwTick    0x20001304        0x4 CMakeFiles/Lazur_motor.dir/Drivers/STM32G4xx_HAL_Driver/Src/stm32g4xx_hal.c.obj
                0x20001304                uwTick
 .bss.__sbrk_heap_end
                0x20001308        0x4 CMakeFiles/Lazur_motor.dir/Core/Src/sysmem.c.obj
 *(COMMON)
                0x2000130c                        . = ALIGN (0x4)
                0x2000130c                        _ebss = .
                0x2000130c                        __bss_end__ = _ebss

._user_heap_stack
                0x2000130c     0x6004 load address 0x08005294
                0x20001310                        . = ALIGN (0x8)
 *fill*         0x2000130c        0x4 
                [!provide]                        PROVIDE (end = .)
                0x20001310                        PROVIDE (_end = .)
                0x20003310                        . = (. + _Min_Heap_Size)
 *fill*         0x20001310     0x2000 
                0x20007310                        . = (. + _Min_Stack_Size)
 *fill*         0x20003310     0x4000 
                0x20007310                        . = ALIGN (0x8)

/DISCARD/
 libc.a(*)
 libm.a(*)
 libgcc.a(*)

.ARM.attributes
                0x00000000       0x30
 *(.ARM.attributes)
 .ARM.attributes
                0x00000000       0x22 /usr/lib/gcc/arm-none-eabi/13.2.1/thumb/v7e-m+fp/hard/crti.o
 .ARM.attributes
                0x00000022       0x34 /usr/lib/gcc/arm-none-eabi/13.2.1/thumb/v7e-m+fp/hard/crtbegin.o
 .ARM.attributes
                0x00000056       0x34 CMakeFiles/Lazur_motor.dir/App/app.cpp.obj
 .ARM.attributes
                0x0000008a       0x34 CMakeFiles/Lazur_motor.dir/App/common.cpp.obj
 .ARM.attributes
                0x000000be       0x34 CMakeFiles/Lazur_motor.dir/App/communications.cpp.obj
 .ARM.attributes
                0x000000f2       0x34 CMakeFiles/Lazur_motor.dir/VB/libcxxcanard/cyphal/providers/provider.cpp.obj
 .ARM.attributes
                0x00000126       0x34 CMakeFiles/Lazur_motor.dir/VB/libcxxcanard/libs/libcanard/canard.c.obj
 .ARM.attributes
                0x0000015a       0x34 CMakeFiles/Lazur_motor.dir/Core/Src/main.c.obj
 .ARM.attributes
                0x0000018e       0x34 CMakeFiles/Lazur_motor.dir/Core/Src/gpio.c.obj
 .ARM.attributes
                0x000001c2       0x34 CMakeFiles/Lazur_motor.dir/Core/Src/adc.c.obj
 .ARM.attributes
                0x000001f6       0x34 CMakeFiles/Lazur_motor.dir/Core/Src/cordic.c.obj
 .ARM.attributes
                0x0000022a       0x34 CMakeFiles/Lazur_motor.dir/Core/Src/dma.c.obj
 .ARM.attributes
                0x0000025e       0x34 CMakeFiles/Lazur_motor.dir/Core/Src/fdcan.c.obj
 .ARM.attributes
                0x00000292       0x34 CMakeFiles/Lazur_motor.dir/Core/Src/i2c.c.obj
 .ARM.attributes
                0x000002c6       0x34 CMakeFiles/Lazur_motor.dir/Core/Src/spi.c.obj
 .ARM.attributes
                0x000002fa       0x34 CMakeFiles/Lazur_motor.dir/Core/Src/tim.c.obj
 .ARM.attributes
                0x0000032e       0x34 CMakeFiles/Lazur_motor.dir/Core/Src/usart.c.obj
 .ARM.attributes
                0x00000362       0x34 CMakeFiles/Lazur_motor.dir/Core/Src/stm32g4xx_it.c.obj
 .ARM.attributes
                0x00000396       0x34 CMakeFiles/Lazur_motor.dir/Core/Src/stm32g4xx_hal_msp.c.obj
 .ARM.attributes
                0x000003ca       0x34 CMakeFiles/Lazur_motor.dir/Drivers/STM32G4xx_HAL_Driver/Src/stm32g4xx_hal_adc.c.obj
 .ARM.attributes
                0x000003fe       0x34 CMakeFiles/Lazur_motor.dir/Drivers/STM32G4xx_HAL_Driver/Src/stm32g4xx_hal_adc_ex.c.obj
 .ARM.attributes
                0x00000432       0x34 CMakeFiles/Lazur_motor.dir/Drivers/STM32G4xx_HAL_Driver/Src/stm32g4xx_hal.c.obj
 .ARM.attributes
                0x00000466       0x34 CMakeFiles/Lazur_motor.dir/Drivers/STM32G4xx_HAL_Driver/Src/stm32g4xx_hal_rcc.c.obj
 .ARM.attributes
                0x0000049a       0x34 CMakeFiles/Lazur_motor.dir/Drivers/STM32G4xx_HAL_Driver/Src/stm32g4xx_hal_rcc_ex.c.obj
 .ARM.attributes
                0x000004ce       0x34 CMakeFiles/Lazur_motor.dir/Drivers/STM32G4xx_HAL_Driver/Src/stm32g4xx_hal_gpio.c.obj
 .ARM.attributes
                0x00000502       0x34 CMakeFiles/Lazur_motor.dir/Drivers/STM32G4xx_HAL_Driver/Src/stm32g4xx_hal_dma.c.obj
 .ARM.attributes
                0x00000536       0x34 CMakeFiles/Lazur_motor.dir/Drivers/STM32G4xx_HAL_Driver/Src/stm32g4xx_hal_pwr_ex.c.obj
 .ARM.attributes
                0x0000056a       0x34 CMakeFiles/Lazur_motor.dir/Drivers/STM32G4xx_HAL_Driver/Src/stm32g4xx_hal_cortex.c.obj
 .ARM.attributes
                0x0000059e       0x34 CMakeFiles/Lazur_motor.dir/Drivers/STM32G4xx_HAL_Driver/Src/stm32g4xx_hal_cordic.c.obj
 .ARM.attributes
                0x000005d2       0x34 CMakeFiles/Lazur_motor.dir/Drivers/STM32G4xx_HAL_Driver/Src/stm32g4xx_hal_fdcan.c.obj
 .ARM.attributes
                0x00000606       0x34 CMakeFiles/Lazur_motor.dir/Drivers/STM32G4xx_HAL_Driver/Src/stm32g4xx_hal_i2c.c.obj
 .ARM.attributes
                0x0000063a       0x34 CMakeFiles/Lazur_motor.dir/Drivers/STM32G4xx_HAL_Driver/Src/stm32g4xx_hal_i2c_ex.c.obj
 .ARM.attributes
                0x0000066e       0x34 CMakeFiles/Lazur_motor.dir/Drivers/STM32G4xx_HAL_Driver/Src/stm32g4xx_hal_spi.c.obj
 .ARM.attributes
                0x000006a2       0x34 CMakeFiles/Lazur_motor.dir/Drivers/STM32G4xx_HAL_Driver/Src/stm32g4xx_hal_tim.c.obj
 .ARM.attributes
                0x000006d6       0x34 CMakeFiles/Lazur_motor.dir/Drivers/STM32G4xx_HAL_Driver/Src/stm32g4xx_hal_tim_ex.c.obj
 .ARM.attributes
                0x0000070a       0x34 CMakeFiles/Lazur_motor.dir/Drivers/STM32G4xx_HAL_Driver/Src/stm32g4xx_hal_uart.c.obj
 .ARM.attributes
                0x0000073e       0x34 CMakeFiles/Lazur_motor.dir/Drivers/STM32G4xx_HAL_Driver/Src/stm32g4xx_hal_uart_ex.c.obj
 .ARM.attributes
                0x00000772       0x34 CMakeFiles/Lazur_motor.dir/Core/Src/system_stm32g4xx.c.obj
 .ARM.attributes
                0x000007a6       0x34 CMakeFiles/Lazur_motor.dir/Core/Src/sysmem.c.obj
 .ARM.attributes
                0x000007da       0x21 CMakeFiles/Lazur_motor.dir/startup_stm32g431xx.s.obj
 .ARM.attributes
                0x000007fb       0x34 /usr/lib/gcc/arm-none-eabi/13.2.1/../../../arm-none-eabi/lib/thumb/v7e-m+fp/hard/libstdc++_nano.a(atexit_arm.o)
 .ARM.attributes
                0x0000082f       0x34 /usr/lib/gcc/arm-none-eabi/13.2.1/../../../arm-none-eabi/lib/thumb/v7e-m+fp/hard/libstdc++_nano.a(del_ops.o)
 .ARM.attributes
                0x00000863       0x34 /usr/lib/gcc/arm-none-eabi/13.2.1/../../../arm-none-eabi/lib/thumb/v7e-m+fp/hard/libstdc++_nano.a(del_op.o)
 .ARM.attributes
                0x00000897       0x34 /usr/lib/gcc/arm-none-eabi/13.2.1/../../../arm-none-eabi/lib/thumb/v7e-m+fp/hard/libc_nano.a(libc_a-init.o)
 .ARM.attributes
                0x000008cb       0x34 /usr/lib/gcc/arm-none-eabi/13.2.1/../../../arm-none-eabi/lib/thumb/v7e-m+fp/hard/libc_nano.a(libc_a-memset.o)
 .ARM.attributes
                0x000008ff       0x34 /usr/lib/gcc/arm-none-eabi/13.2.1/../../../arm-none-eabi/lib/thumb/v7e-m+fp/hard/libc_nano.a(libc_a-errno.o)
 .ARM.attributes
                0x00000933       0x34 /usr/lib/gcc/arm-none-eabi/13.2.1/../../../arm-none-eabi/lib/thumb/v7e-m+fp/hard/libc_nano.a(libc_a-cxa_atexit.o)
 .ARM.attributes
                0x00000967       0x34 /usr/lib/gcc/arm-none-eabi/13.2.1/../../../arm-none-eabi/lib/thumb/v7e-m+fp/hard/libc_nano.a(libc_a-on_exit_args.o)
 .ARM.attributes
                0x0000099b       0x34 /usr/lib/gcc/arm-none-eabi/13.2.1/../../../arm-none-eabi/lib/thumb/v7e-m+fp/hard/libc_nano.a(libc_a-malloc.o)
 .ARM.attributes
                0x000009cf       0x34 /usr/lib/gcc/arm-none-eabi/13.2.1/../../../arm-none-eabi/lib/thumb/v7e-m+fp/hard/libc_nano.a(libc_a-impure.o)
 .ARM.attributes
                0x00000a03       0x34 /usr/lib/gcc/arm-none-eabi/13.2.1/../../../arm-none-eabi/lib/thumb/v7e-m+fp/hard/libc_nano.a(libc_a-findfp.o)
 .ARM.attributes
                0x00000a37       0x34 /usr/lib/gcc/arm-none-eabi/13.2.1/../../../arm-none-eabi/lib/thumb/v7e-m+fp/hard/libc_nano.a(libc_a-mallocr.o)
 .ARM.attributes
                0x00000a6b       0x34 /usr/lib/gcc/arm-none-eabi/13.2.1/../../../arm-none-eabi/lib/thumb/v7e-m+fp/hard/libc_nano.a(libc_a-freer.o)
 .ARM.attributes
                0x00000a9f       0x34 /usr/lib/gcc/arm-none-eabi/13.2.1/../../../arm-none-eabi/lib/thumb/v7e-m+fp/hard/libc_nano.a(libc_a-__atexit.o)
 .ARM.attributes
                0x00000ad3       0x34 /usr/lib/gcc/arm-none-eabi/13.2.1/../../../arm-none-eabi/lib/thumb/v7e-m+fp/hard/libc_nano.a(libc_a-mlock.o)
 .ARM.attributes
                0x00000b07       0x34 /usr/lib/gcc/arm-none-eabi/13.2.1/../../../arm-none-eabi/lib/thumb/v7e-m+fp/hard/libc_nano.a(libc_a-sbrkr.o)
 .ARM.attributes
                0x00000b3b       0x34 /usr/lib/gcc/arm-none-eabi/13.2.1/../../../arm-none-eabi/lib/thumb/v7e-m+fp/hard/libc_nano.a(libc_a-__call_atexit.o)
 .ARM.attributes
                0x00000b6f       0x34 /usr/lib/gcc/arm-none-eabi/13.2.1/../../../arm-none-eabi/lib/thumb/v7e-m+fp/hard/libc_nano.a(libc_a-reent.o)
 .ARM.attributes
                0x00000ba3       0x22 /usr/lib/gcc/arm-none-eabi/13.2.1/thumb/v7e-m+fp/hard/libgcc.a(_aeabi_uldivmod.o)
 .ARM.attributes
                0x00000bc5       0x34 /usr/lib/gcc/arm-none-eabi/13.2.1/thumb/v7e-m+fp/hard/libgcc.a(_udivmoddi4.o)
 .ARM.attributes
                0x00000bf9       0x22 /usr/lib/gcc/arm-none-eabi/13.2.1/thumb/v7e-m+fp/hard/libgcc.a(_dvmd_tls.o)
 .ARM.attributes
                0x00000c1b       0x34 /usr/lib/gcc/arm-none-eabi/13.2.1/thumb/v7e-m+fp/hard/crtend.o
 .ARM.attributes
                0x00000c4f       0x22 /usr/lib/gcc/arm-none-eabi/13.2.1/thumb/v7e-m+fp/hard/crtn.o
OUTPUT(Lazur_motor.elf elf32-littlearm)
LOAD linker stubs
LOAD /usr/lib/gcc/arm-none-eabi/13.2.1/../../../arm-none-eabi/lib/thumb/v7e-m+fp/hard/libc.a
LOAD /usr/lib/gcc/arm-none-eabi/13.2.1/../../../arm-none-eabi/lib/thumb/v7e-m+fp/hard/libm.a
LOAD /usr/lib/gcc/arm-none-eabi/13.2.1/thumb/v7e-m+fp/hard/libgcc.a

.comment        0x00000000       0x26
 .comment       0x00000000       0x26 /usr/lib/gcc/arm-none-eabi/13.2.1/thumb/v7e-m+fp/hard/crtbegin.o
                                 0x27 (size before relaxing)
 .comment       0x00000026       0x27 CMakeFiles/Lazur_motor.dir/App/app.cpp.obj
 .comment       0x00000026       0x27 CMakeFiles/Lazur_motor.dir/App/common.cpp.obj
 .comment       0x00000026       0x27 CMakeFiles/Lazur_motor.dir/App/communications.cpp.obj
 .comment       0x00000026       0x27 CMakeFiles/Lazur_motor.dir/VB/libcxxcanard/cyphal/providers/provider.cpp.obj
 .comment       0x00000026       0x27 CMakeFiles/Lazur_motor.dir/VB/libcxxcanard/libs/libcanard/canard.c.obj
 .comment       0x00000026       0x27 CMakeFiles/Lazur_motor.dir/Core/Src/main.c.obj
 .comment       0x00000026       0x27 CMakeFiles/Lazur_motor.dir/Core/Src/gpio.c.obj
 .comment       0x00000026       0x27 CMakeFiles/Lazur_motor.dir/Core/Src/adc.c.obj
 .comment       0x00000026       0x27 CMakeFiles/Lazur_motor.dir/Core/Src/cordic.c.obj
 .comment       0x00000026       0x27 CMakeFiles/Lazur_motor.dir/Core/Src/dma.c.obj
 .comment       0x00000026       0x27 CMakeFiles/Lazur_motor.dir/Core/Src/fdcan.c.obj
 .comment       0x00000026       0x27 CMakeFiles/Lazur_motor.dir/Core/Src/i2c.c.obj
 .comment       0x00000026       0x27 CMakeFiles/Lazur_motor.dir/Core/Src/spi.c.obj
 .comment       0x00000026       0x27 CMakeFiles/Lazur_motor.dir/Core/Src/tim.c.obj
 .comment       0x00000026       0x27 CMakeFiles/Lazur_motor.dir/Core/Src/usart.c.obj
 .comment       0x00000026       0x27 CMakeFiles/Lazur_motor.dir/Core/Src/stm32g4xx_it.c.obj
 .comment       0x00000026       0x27 CMakeFiles/Lazur_motor.dir/Core/Src/stm32g4xx_hal_msp.c.obj
 .comment       0x00000026       0x27 CMakeFiles/Lazur_motor.dir/Drivers/STM32G4xx_HAL_Driver/Src/stm32g4xx_hal_adc.c.obj
 .comment       0x00000026       0x27 CMakeFiles/Lazur_motor.dir/Drivers/STM32G4xx_HAL_Driver/Src/stm32g4xx_hal_adc_ex.c.obj
 .comment       0x00000026       0x27 CMakeFiles/Lazur_motor.dir/Drivers/STM32G4xx_HAL_Driver/Src/stm32g4xx_hal.c.obj
 .comment       0x00000026       0x27 CMakeFiles/Lazur_motor.dir/Drivers/STM32G4xx_HAL_Driver/Src/stm32g4xx_hal_rcc.c.obj
 .comment       0x00000026       0x27 CMakeFiles/Lazur_motor.dir/Drivers/STM32G4xx_HAL_Driver/Src/stm32g4xx_hal_rcc_ex.c.obj
 .comment       0x00000026       0x27 CMakeFiles/Lazur_motor.dir/Drivers/STM32G4xx_HAL_Driver/Src/stm32g4xx_hal_gpio.c.obj
 .comment       0x00000026       0x27 CMakeFiles/Lazur_motor.dir/Drivers/STM32G4xx_HAL_Driver/Src/stm32g4xx_hal_dma.c.obj
 .comment       0x00000026       0x27 CMakeFiles/Lazur_motor.dir/Drivers/STM32G4xx_HAL_Driver/Src/stm32g4xx_hal_pwr_ex.c.obj
 .comment       0x00000026       0x27 CMakeFiles/Lazur_motor.dir/Drivers/STM32G4xx_HAL_Driver/Src/stm32g4xx_hal_cortex.c.obj
 .comment       0x00000026       0x27 CMakeFiles/Lazur_motor.dir/Drivers/STM32G4xx_HAL_Driver/Src/stm32g4xx_hal_cordic.c.obj
 .comment       0x00000026       0x27 CMakeFiles/Lazur_motor.dir/Drivers/STM32G4xx_HAL_Driver/Src/stm32g4xx_hal_fdcan.c.obj
 .comment       0x00000026       0x27 CMakeFiles/Lazur_motor.dir/Drivers/STM32G4xx_HAL_Driver/Src/stm32g4xx_hal_i2c.c.obj
 .comment       0x00000026       0x27 CMakeFiles/Lazur_motor.dir/Drivers/STM32G4xx_HAL_Driver/Src/stm32g4xx_hal_i2c_ex.c.obj
 .comment       0x00000026       0x27 CMakeFiles/Lazur_motor.dir/Drivers/STM32G4xx_HAL_Driver/Src/stm32g4xx_hal_spi.c.obj
 .comment       0x00000026       0x27 CMakeFiles/Lazur_motor.dir/Drivers/STM32G4xx_HAL_Driver/Src/stm32g4xx_hal_tim.c.obj
 .comment       0x00000026       0x27 CMakeFiles/Lazur_motor.dir/Drivers/STM32G4xx_HAL_Driver/Src/stm32g4xx_hal_tim_ex.c.obj
 .comment       0x00000026       0x27 CMakeFiles/Lazur_motor.dir/Drivers/STM32G4xx_HAL_Driver/Src/stm32g4xx_hal_uart.c.obj
 .comment       0x00000026       0x27 CMakeFiles/Lazur_motor.dir/Drivers/STM32G4xx_HAL_Driver/Src/stm32g4xx_hal_uart_ex.c.obj
 .comment       0x00000026       0x27 CMakeFiles/Lazur_motor.dir/Core/Src/system_stm32g4xx.c.obj
 .comment       0x00000026       0x27 CMakeFiles/Lazur_motor.dir/Core/Src/sysmem.c.obj
 .comment       0x00000026       0x27 /usr/lib/gcc/arm-none-eabi/13.2.1/../../../arm-none-eabi/lib/thumb/v7e-m+fp/hard/libstdc++_nano.a(atexit_arm.o)
 .comment       0x00000026       0x27 /usr/lib/gcc/arm-none-eabi/13.2.1/../../../arm-none-eabi/lib/thumb/v7e-m+fp/hard/libstdc++_nano.a(del_ops.o)
 .comment       0x00000026       0x27 /usr/lib/gcc/arm-none-eabi/13.2.1/../../../arm-none-eabi/lib/thumb/v7e-m+fp/hard/libstdc++_nano.a(del_op.o)
 .comment       0x00000026       0x27 /usr/lib/gcc/arm-none-eabi/13.2.1/../../../arm-none-eabi/lib/thumb/v7e-m+fp/hard/libc_nano.a(libc_a-init.o)
 .comment       0x00000026       0x27 /usr/lib/gcc/arm-none-eabi/13.2.1/../../../arm-none-eabi/lib/thumb/v7e-m+fp/hard/libc_nano.a(libc_a-memset.o)
 .comment       0x00000026       0x27 /usr/lib/gcc/arm-none-eabi/13.2.1/../../../arm-none-eabi/lib/thumb/v7e-m+fp/hard/libc_nano.a(libc_a-errno.o)
 .comment       0x00000026       0x27 /usr/lib/gcc/arm-none-eabi/13.2.1/../../../arm-none-eabi/lib/thumb/v7e-m+fp/hard/libc_nano.a(libc_a-cxa_atexit.o)
 .comment       0x00000026       0x27 /usr/lib/gcc/arm-none-eabi/13.2.1/../../../arm-none-eabi/lib/thumb/v7e-m+fp/hard/libc_nano.a(libc_a-on_exit_args.o)
 .comment       0x00000026       0x27 /usr/lib/gcc/arm-none-eabi/13.2.1/../../../arm-none-eabi/lib/thumb/v7e-m+fp/hard/libc_nano.a(libc_a-malloc.o)
 .comment       0x00000026       0x27 /usr/lib/gcc/arm-none-eabi/13.2.1/../../../arm-none-eabi/lib/thumb/v7e-m+fp/hard/libc_nano.a(libc_a-impure.o)
 .comment       0x00000026       0x27 /usr/lib/gcc/arm-none-eabi/13.2.1/../../../arm-none-eabi/lib/thumb/v7e-m+fp/hard/libc_nano.a(libc_a-findfp.o)
 .comment       0x00000026       0x27 /usr/lib/gcc/arm-none-eabi/13.2.1/../../../arm-none-eabi/lib/thumb/v7e-m+fp/hard/libc_nano.a(libc_a-mallocr.o)
 .comment       0x00000026       0x27 /usr/lib/gcc/arm-none-eabi/13.2.1/../../../arm-none-eabi/lib/thumb/v7e-m+fp/hard/libc_nano.a(libc_a-freer.o)
 .comment       0x00000026       0x27 /usr/lib/gcc/arm-none-eabi/13.2.1/../../../arm-none-eabi/lib/thumb/v7e-m+fp/hard/libc_nano.a(libc_a-__atexit.o)
 .comment       0x00000026       0x27 /usr/lib/gcc/arm-none-eabi/13.2.1/../../../arm-none-eabi/lib/thumb/v7e-m+fp/hard/libc_nano.a(libc_a-mlock.o)
 .comment       0x00000026       0x27 /usr/lib/gcc/arm-none-eabi/13.2.1/../../../arm-none-eabi/lib/thumb/v7e-m+fp/hard/libc_nano.a(libc_a-sbrkr.o)
 .comment       0x00000026       0x27 /usr/lib/gcc/arm-none-eabi/13.2.1/../../../arm-none-eabi/lib/thumb/v7e-m+fp/hard/libc_nano.a(libc_a-__call_atexit.o)
 .comment       0x00000026       0x27 /usr/lib/gcc/arm-none-eabi/13.2.1/../../../arm-none-eabi/lib/thumb/v7e-m+fp/hard/libc_nano.a(libc_a-reent.o)
 .comment       0x00000026       0x27 /usr/lib/gcc/arm-none-eabi/13.2.1/thumb/v7e-m+fp/hard/libgcc.a(_udivmoddi4.o)
 .comment       0x00000026       0x27 /usr/lib/gcc/arm-none-eabi/13.2.1/thumb/v7e-m+fp/hard/crtend.o

.debug_info     0x00000000    0x6aff4
 .debug_info    0x00000000    0x1b422 CMakeFiles/Lazur_motor.dir/App/app.cpp.obj
 .debug_info    0x0001b422     0x4419 CMakeFiles/Lazur_motor.dir/App/common.cpp.obj
 .debug_info    0x0001f83b     0xf7e1 CMakeFiles/Lazur_motor.dir/App/communications.cpp.obj
 .debug_info    0x0002f01c     0x45e1 CMakeFiles/Lazur_motor.dir/VB/libcxxcanard/cyphal/providers/provider.cpp.obj
 .debug_info    0x000335fd     0x311d CMakeFiles/Lazur_motor.dir/VB/libcxxcanard/libs/libcanard/canard.c.obj
 .debug_info    0x0003671a      0xbec CMakeFiles/Lazur_motor.dir/Core/Src/main.c.obj
 .debug_info    0x00037306      0x5ee CMakeFiles/Lazur_motor.dir/Core/Src/gpio.c.obj
 .debug_info    0x000378f4     0x12e4 CMakeFiles/Lazur_motor.dir/Core/Src/adc.c.obj
 .debug_info    0x00038bd8      0x7fe CMakeFiles/Lazur_motor.dir/Core/Src/cordic.c.obj
 .debug_info    0x000393d6      0x53a CMakeFiles/Lazur_motor.dir/Core/Src/dma.c.obj
 .debug_info    0x00039910      0xe1e CMakeFiles/Lazur_motor.dir/Core/Src/fdcan.c.obj
 .debug_info    0x0003a72e      0xf06 CMakeFiles/Lazur_motor.dir/Core/Src/i2c.c.obj
 .debug_info    0x0003b634      0xbca CMakeFiles/Lazur_motor.dir/Core/Src/spi.c.obj
 .debug_info    0x0003c1fe     0x1385 CMakeFiles/Lazur_motor.dir/Core/Src/tim.c.obj
 .debug_info    0x0003d583      0xea8 CMakeFiles/Lazur_motor.dir/Core/Src/usart.c.obj
 .debug_info    0x0003e42b      0xdd0 CMakeFiles/Lazur_motor.dir/Core/Src/stm32g4xx_it.c.obj
 .debug_info    0x0003f1fb      0x2d3 CMakeFiles/Lazur_motor.dir/Core/Src/stm32g4xx_hal_msp.c.obj
 .debug_info    0x0003f4ce     0x34e8 CMakeFiles/Lazur_motor.dir/Drivers/STM32G4xx_HAL_Driver/Src/stm32g4xx_hal_adc.c.obj
 .debug_info    0x000429b6     0x2d13 CMakeFiles/Lazur_motor.dir/Drivers/STM32G4xx_HAL_Driver/Src/stm32g4xx_hal_adc_ex.c.obj
 .debug_info    0x000456c9      0xbd1 CMakeFiles/Lazur_motor.dir/Drivers/STM32G4xx_HAL_Driver/Src/stm32g4xx_hal.c.obj
 .debug_info    0x0004629a      0xe5f CMakeFiles/Lazur_motor.dir/Drivers/STM32G4xx_HAL_Driver/Src/stm32g4xx_hal_rcc.c.obj
 .debug_info    0x000470f9      0xd2a CMakeFiles/Lazur_motor.dir/Drivers/STM32G4xx_HAL_Driver/Src/stm32g4xx_hal_rcc_ex.c.obj
 .debug_info    0x00047e23      0x77d CMakeFiles/Lazur_motor.dir/Drivers/STM32G4xx_HAL_Driver/Src/stm32g4xx_hal_gpio.c.obj
 .debug_info    0x000485a0      0xa52 CMakeFiles/Lazur_motor.dir/Drivers/STM32G4xx_HAL_Driver/Src/stm32g4xx_hal_dma.c.obj
 .debug_info    0x00048ff2      0x977 CMakeFiles/Lazur_motor.dir/Drivers/STM32G4xx_HAL_Driver/Src/stm32g4xx_hal_pwr_ex.c.obj
 .debug_info    0x00049969      0xfae CMakeFiles/Lazur_motor.dir/Drivers/STM32G4xx_HAL_Driver/Src/stm32g4xx_hal_cortex.c.obj
 .debug_info    0x0004a917      0xdae CMakeFiles/Lazur_motor.dir/Drivers/STM32G4xx_HAL_Driver/Src/stm32g4xx_hal_cordic.c.obj
 .debug_info    0x0004b6c5     0x1bf5 CMakeFiles/Lazur_motor.dir/Drivers/STM32G4xx_HAL_Driver/Src/stm32g4xx_hal_fdcan.c.obj
 .debug_info    0x0004d2ba     0x5b2f CMakeFiles/Lazur_motor.dir/Drivers/STM32G4xx_HAL_Driver/Src/stm32g4xx_hal_i2c.c.obj
 .debug_info    0x00052de9      0xac7 CMakeFiles/Lazur_motor.dir/Drivers/STM32G4xx_HAL_Driver/Src/stm32g4xx_hal_i2c_ex.c.obj
 .debug_info    0x000538b0     0x221d CMakeFiles/Lazur_motor.dir/Drivers/STM32G4xx_HAL_Driver/Src/stm32g4xx_hal_spi.c.obj
 .debug_info    0x00055acd     0x4a9f CMakeFiles/Lazur_motor.dir/Drivers/STM32G4xx_HAL_Driver/Src/stm32g4xx_hal_tim.c.obj
 .debug_info    0x0005a56c     0x2510 CMakeFiles/Lazur_motor.dir/Drivers/STM32G4xx_HAL_Driver/Src/stm32g4xx_hal_tim_ex.c.obj
 .debug_info    0x0005ca7c     0x64b0 CMakeFiles/Lazur_motor.dir/Drivers/STM32G4xx_HAL_Driver/Src/stm32g4xx_hal_uart.c.obj
 .debug_info    0x00062f2c     0x1318 CMakeFiles/Lazur_motor.dir/Drivers/STM32G4xx_HAL_Driver/Src/stm32g4xx_hal_uart_ex.c.obj
 .debug_info    0x00064244      0x589 CMakeFiles/Lazur_motor.dir/Core/Src/system_stm32g4xx.c.obj
 .debug_info    0x000647cd      0x16a CMakeFiles/Lazur_motor.dir/Core/Src/sysmem.c.obj
 .debug_info    0x00064937       0x30 CMakeFiles/Lazur_motor.dir/startup_stm32g431xx.s.obj
 .debug_info    0x00064967      0x147 /usr/lib/gcc/arm-none-eabi/13.2.1/../../../arm-none-eabi/lib/thumb/v7e-m+fp/hard/libstdc++_nano.a(atexit_arm.o)
 .debug_info    0x00064aae       0xaf /usr/lib/gcc/arm-none-eabi/13.2.1/../../../arm-none-eabi/lib/thumb/v7e-m+fp/hard/libstdc++_nano.a(del_ops.o)
 .debug_info    0x00064b5d      0x5b3 /usr/lib/gcc/arm-none-eabi/13.2.1/../../../arm-none-eabi/lib/thumb/v7e-m+fp/hard/libstdc++_nano.a(del_op.o)
 .debug_info    0x00065110      0x10b /usr/lib/gcc/arm-none-eabi/13.2.1/../../../arm-none-eabi/lib/thumb/v7e-m+fp/hard/libc_nano.a(libc_a-init.o)
 .debug_info    0x0006521b      0x135 /usr/lib/gcc/arm-none-eabi/13.2.1/../../../arm-none-eabi/lib/thumb/v7e-m+fp/hard/libc_nano.a(libc_a-memset.o)
 .debug_info    0x00065350      0x6f1 /usr/lib/gcc/arm-none-eabi/13.2.1/../../../arm-none-eabi/lib/thumb/v7e-m+fp/hard/libc_nano.a(libc_a-errno.o)
 .debug_info    0x00065a41      0x211 /usr/lib/gcc/arm-none-eabi/13.2.1/../../../arm-none-eabi/lib/thumb/v7e-m+fp/hard/libc_nano.a(libc_a-cxa_atexit.o)
 .debug_info    0x00065c52       0xff /usr/lib/gcc/arm-none-eabi/13.2.1/../../../arm-none-eabi/lib/thumb/v7e-m+fp/hard/libc_nano.a(libc_a-on_exit_args.o)
 .debug_info    0x00065d51      0x796 /usr/lib/gcc/arm-none-eabi/13.2.1/../../../arm-none-eabi/lib/thumb/v7e-m+fp/hard/libc_nano.a(libc_a-malloc.o)
 .debug_info    0x000664e7      0x70b /usr/lib/gcc/arm-none-eabi/13.2.1/../../../arm-none-eabi/lib/thumb/v7e-m+fp/hard/libc_nano.a(libc_a-impure.o)
 .debug_info    0x00066bf2      0xe8c /usr/lib/gcc/arm-none-eabi/13.2.1/../../../arm-none-eabi/lib/thumb/v7e-m+fp/hard/libc_nano.a(libc_a-findfp.o)
 .debug_info    0x00067a7e      0x9b6 /usr/lib/gcc/arm-none-eabi/13.2.1/../../../arm-none-eabi/lib/thumb/v7e-m+fp/hard/libc_nano.a(libc_a-mallocr.o)
 .debug_info    0x00068434      0x87f /usr/lib/gcc/arm-none-eabi/13.2.1/../../../arm-none-eabi/lib/thumb/v7e-m+fp/hard/libc_nano.a(libc_a-freer.o)
 .debug_info    0x00068cb3      0x284 /usr/lib/gcc/arm-none-eabi/13.2.1/../../../arm-none-eabi/lib/thumb/v7e-m+fp/hard/libc_nano.a(libc_a-__atexit.o)
 .debug_info    0x00068f37      0x71c /usr/lib/gcc/arm-none-eabi/13.2.1/../../../arm-none-eabi/lib/thumb/v7e-m+fp/hard/libc_nano.a(libc_a-mlock.o)
 .debug_info    0x00069653      0x778 /usr/lib/gcc/arm-none-eabi/13.2.1/../../../arm-none-eabi/lib/thumb/v7e-m+fp/hard/libc_nano.a(libc_a-sbrkr.o)
 .debug_info    0x00069dcb      0x235 /usr/lib/gcc/arm-none-eabi/13.2.1/../../../arm-none-eabi/lib/thumb/v7e-m+fp/hard/libc_nano.a(libc_a-__call_atexit.o)
 .debug_info    0x0006a000      0x89f /usr/lib/gcc/arm-none-eabi/13.2.1/../../../arm-none-eabi/lib/thumb/v7e-m+fp/hard/libc_nano.a(libc_a-reent.o)
 .debug_info    0x0006a89f       0x24 /usr/lib/gcc/arm-none-eabi/13.2.1/thumb/v7e-m+fp/hard/libgcc.a(_aeabi_uldivmod.o)
 .debug_info    0x0006a8c3      0x6f5 /usr/lib/gcc/arm-none-eabi/13.2.1/thumb/v7e-m+fp/hard/libgcc.a(_udivmoddi4.o)
 .debug_info    0x0006afb8       0x3c /usr/lib/gcc/arm-none-eabi/13.2.1/thumb/v7e-m+fp/hard/libgcc.a(_dvmd_tls.o)

.debug_abbrev   0x00000000     0xb150
 .debug_abbrev  0x00000000     0x152e CMakeFiles/Lazur_motor.dir/App/app.cpp.obj
 .debug_abbrev  0x0000152e      0x6b0 CMakeFiles/Lazur_motor.dir/App/common.cpp.obj
 .debug_abbrev  0x00001bde     0x13a1 CMakeFiles/Lazur_motor.dir/App/communications.cpp.obj
 .debug_abbrev  0x00002f7f      0xbd8 CMakeFiles/Lazur_motor.dir/VB/libcxxcanard/cyphal/providers/provider.cpp.obj
 .debug_abbrev  0x00003b57      0x582 CMakeFiles/Lazur_motor.dir/VB/libcxxcanard/libs/libcanard/canard.c.obj
 .debug_abbrev  0x000040d9      0x2b9 CMakeFiles/Lazur_motor.dir/Core/Src/main.c.obj
 .debug_abbrev  0x00004392      0x16d CMakeFiles/Lazur_motor.dir/Core/Src/gpio.c.obj
 .debug_abbrev  0x000044ff      0x26c CMakeFiles/Lazur_motor.dir/Core/Src/adc.c.obj
 .debug_abbrev  0x0000476b      0x1ca CMakeFiles/Lazur_motor.dir/Core/Src/cordic.c.obj
 .debug_abbrev  0x00004935      0x11c CMakeFiles/Lazur_motor.dir/Core/Src/dma.c.obj
 .debug_abbrev  0x00004a51      0x1f5 CMakeFiles/Lazur_motor.dir/Core/Src/fdcan.c.obj
 .debug_abbrev  0x00004c46      0x253 CMakeFiles/Lazur_motor.dir/Core/Src/i2c.c.obj
 .debug_abbrev  0x00004e99      0x22c CMakeFiles/Lazur_motor.dir/Core/Src/spi.c.obj
 .debug_abbrev  0x000050c5      0x264 CMakeFiles/Lazur_motor.dir/Core/Src/tim.c.obj
 .debug_abbrev  0x00005329      0x23b CMakeFiles/Lazur_motor.dir/Core/Src/usart.c.obj
 .debug_abbrev  0x00005564      0x231 CMakeFiles/Lazur_motor.dir/Core/Src/stm32g4xx_it.c.obj
 .debug_abbrev  0x00005795       0xe3 CMakeFiles/Lazur_motor.dir/Core/Src/stm32g4xx_hal_msp.c.obj
 .debug_abbrev  0x00005878      0x368 CMakeFiles/Lazur_motor.dir/Drivers/STM32G4xx_HAL_Driver/Src/stm32g4xx_hal_adc.c.obj
 .debug_abbrev  0x00005be0      0x3e8 CMakeFiles/Lazur_motor.dir/Drivers/STM32G4xx_HAL_Driver/Src/stm32g4xx_hal_adc_ex.c.obj
 .debug_abbrev  0x00005fc8      0x2db CMakeFiles/Lazur_motor.dir/Drivers/STM32G4xx_HAL_Driver/Src/stm32g4xx_hal.c.obj
 .debug_abbrev  0x000062a3      0x350 CMakeFiles/Lazur_motor.dir/Drivers/STM32G4xx_HAL_Driver/Src/stm32g4xx_hal_rcc.c.obj
 .debug_abbrev  0x000065f3      0x2cc CMakeFiles/Lazur_motor.dir/Drivers/STM32G4xx_HAL_Driver/Src/stm32g4xx_hal_rcc_ex.c.obj
 .debug_abbrev  0x000068bf      0x1f9 CMakeFiles/Lazur_motor.dir/Drivers/STM32G4xx_HAL_Driver/Src/stm32g4xx_hal_gpio.c.obj
 .debug_abbrev  0x00006ab8      0x2ad CMakeFiles/Lazur_motor.dir/Drivers/STM32G4xx_HAL_Driver/Src/stm32g4xx_hal_dma.c.obj
 .debug_abbrev  0x00006d65      0x27f CMakeFiles/Lazur_motor.dir/Drivers/STM32G4xx_HAL_Driver/Src/stm32g4xx_hal_pwr_ex.c.obj
 .debug_abbrev  0x00006fe4      0x385 CMakeFiles/Lazur_motor.dir/Drivers/STM32G4xx_HAL_Driver/Src/stm32g4xx_hal_cortex.c.obj
 .debug_abbrev  0x00007369      0x2b3 CMakeFiles/Lazur_motor.dir/Drivers/STM32G4xx_HAL_Driver/Src/stm32g4xx_hal_cordic.c.obj
 .debug_abbrev  0x0000761c      0x288 CMakeFiles/Lazur_motor.dir/Drivers/STM32G4xx_HAL_Driver/Src/stm32g4xx_hal_fdcan.c.obj
 .debug_abbrev  0x000078a4      0x3e4 CMakeFiles/Lazur_motor.dir/Drivers/STM32G4xx_HAL_Driver/Src/stm32g4xx_hal_i2c.c.obj
 .debug_abbrev  0x00007c88      0x1c2 CMakeFiles/Lazur_motor.dir/Drivers/STM32G4xx_HAL_Driver/Src/stm32g4xx_hal_i2c_ex.c.obj
 .debug_abbrev  0x00007e4a      0x370 CMakeFiles/Lazur_motor.dir/Drivers/STM32G4xx_HAL_Driver/Src/stm32g4xx_hal_spi.c.obj
 .debug_abbrev  0x000081ba      0x3bc CMakeFiles/Lazur_motor.dir/Drivers/STM32G4xx_HAL_Driver/Src/stm32g4xx_hal_tim.c.obj
 .debug_abbrev  0x00008576      0x3a3 CMakeFiles/Lazur_motor.dir/Drivers/STM32G4xx_HAL_Driver/Src/stm32g4xx_hal_tim_ex.c.obj
 .debug_abbrev  0x00008919      0x4b9 CMakeFiles/Lazur_motor.dir/Drivers/STM32G4xx_HAL_Driver/Src/stm32g4xx_hal_uart.c.obj
 .debug_abbrev  0x00008dd2      0x37a CMakeFiles/Lazur_motor.dir/Drivers/STM32G4xx_HAL_Driver/Src/stm32g4xx_hal_uart_ex.c.obj
 .debug_abbrev  0x0000914c      0x11f CMakeFiles/Lazur_motor.dir/Core/Src/system_stm32g4xx.c.obj
 .debug_abbrev  0x0000926b       0xda CMakeFiles/Lazur_motor.dir/Core/Src/sysmem.c.obj
 .debug_abbrev  0x00009345       0x24 CMakeFiles/Lazur_motor.dir/startup_stm32g431xx.s.obj
 .debug_abbrev  0x00009369       0xb4 /usr/lib/gcc/arm-none-eabi/13.2.1/../../../arm-none-eabi/lib/thumb/v7e-m+fp/hard/libstdc++_nano.a(atexit_arm.o)
 .debug_abbrev  0x0000941d       0xac /usr/lib/gcc/arm-none-eabi/13.2.1/../../../arm-none-eabi/lib/thumb/v7e-m+fp/hard/libstdc++_nano.a(del_ops.o)
 .debug_abbrev  0x000094c9      0x19c /usr/lib/gcc/arm-none-eabi/13.2.1/../../../arm-none-eabi/lib/thumb/v7e-m+fp/hard/libstdc++_nano.a(del_op.o)
 .debug_abbrev  0x00009665       0xc9 /usr/lib/gcc/arm-none-eabi/13.2.1/../../../arm-none-eabi/lib/thumb/v7e-m+fp/hard/libc_nano.a(libc_a-init.o)
 .debug_abbrev  0x0000972e       0xb7 /usr/lib/gcc/arm-none-eabi/13.2.1/../../../arm-none-eabi/lib/thumb/v7e-m+fp/hard/libc_nano.a(libc_a-memset.o)
 .debug_abbrev  0x000097e5      0x15e /usr/lib/gcc/arm-none-eabi/13.2.1/../../../arm-none-eabi/lib/thumb/v7e-m+fp/hard/libc_nano.a(libc_a-errno.o)
 .debug_abbrev  0x00009943      0x157 /usr/lib/gcc/arm-none-eabi/13.2.1/../../../arm-none-eabi/lib/thumb/v7e-m+fp/hard/libc_nano.a(libc_a-cxa_atexit.o)
 .debug_abbrev  0x00009a9a       0xb8 /usr/lib/gcc/arm-none-eabi/13.2.1/../../../arm-none-eabi/lib/thumb/v7e-m+fp/hard/libc_nano.a(libc_a-on_exit_args.o)
 .debug_abbrev  0x00009b52      0x1cf /usr/lib/gcc/arm-none-eabi/13.2.1/../../../arm-none-eabi/lib/thumb/v7e-m+fp/hard/libc_nano.a(libc_a-malloc.o)
 .debug_abbrev  0x00009d21      0x149 /usr/lib/gcc/arm-none-eabi/13.2.1/../../../arm-none-eabi/lib/thumb/v7e-m+fp/hard/libc_nano.a(libc_a-impure.o)
 .debug_abbrev  0x00009e6a      0x408 /usr/lib/gcc/arm-none-eabi/13.2.1/../../../arm-none-eabi/lib/thumb/v7e-m+fp/hard/libc_nano.a(libc_a-findfp.o)
 .debug_abbrev  0x0000a272      0x24a /usr/lib/gcc/arm-none-eabi/13.2.1/../../../arm-none-eabi/lib/thumb/v7e-m+fp/hard/libc_nano.a(libc_a-mallocr.o)
 .debug_abbrev  0x0000a4bc      0x249 /usr/lib/gcc/arm-none-eabi/13.2.1/../../../arm-none-eabi/lib/thumb/v7e-m+fp/hard/libc_nano.a(libc_a-freer.o)
 .debug_abbrev  0x0000a705      0x1d4 /usr/lib/gcc/arm-none-eabi/13.2.1/../../../arm-none-eabi/lib/thumb/v7e-m+fp/hard/libc_nano.a(libc_a-__atexit.o)
 .debug_abbrev  0x0000a8d9      0x192 /usr/lib/gcc/arm-none-eabi/13.2.1/../../../arm-none-eabi/lib/thumb/v7e-m+fp/hard/libc_nano.a(libc_a-mlock.o)
 .debug_abbrev  0x0000aa6b      0x1da /usr/lib/gcc/arm-none-eabi/13.2.1/../../../arm-none-eabi/lib/thumb/v7e-m+fp/hard/libc_nano.a(libc_a-sbrkr.o)
 .debug_abbrev  0x0000ac45      0x179 /usr/lib/gcc/arm-none-eabi/13.2.1/../../../arm-none-eabi/lib/thumb/v7e-m+fp/hard/libc_nano.a(libc_a-__call_atexit.o)
 .debug_abbrev  0x0000adbe      0x1ee /usr/lib/gcc/arm-none-eabi/13.2.1/../../../arm-none-eabi/lib/thumb/v7e-m+fp/hard/libc_nano.a(libc_a-reent.o)
 .debug_abbrev  0x0000afac       0x14 /usr/lib/gcc/arm-none-eabi/13.2.1/thumb/v7e-m+fp/hard/libgcc.a(_aeabi_uldivmod.o)
 .debug_abbrev  0x0000afc0      0x16a /usr/lib/gcc/arm-none-eabi/13.2.1/thumb/v7e-m+fp/hard/libgcc.a(_udivmoddi4.o)
 .debug_abbrev  0x0000b12a       0x26 /usr/lib/gcc/arm-none-eabi/13.2.1/thumb/v7e-m+fp/hard/libgcc.a(_dvmd_tls.o)

.debug_loclists
                0x00000000    0x2792f
 .debug_loclists
                0x00000000     0x7f08 CMakeFiles/Lazur_motor.dir/App/app.cpp.obj
 .debug_loclists
                0x00007f08       0x29 CMakeFiles/Lazur_motor.dir/App/common.cpp.obj
 .debug_loclists
                0x00007f31     0x17f2 CMakeFiles/Lazur_motor.dir/App/communications.cpp.obj
 .debug_loclists
                0x00009723      0x20b CMakeFiles/Lazur_motor.dir/VB/libcxxcanard/cyphal/providers/provider.cpp.obj
 .debug_loclists
                0x0000992e     0x3bb6 CMakeFiles/Lazur_motor.dir/VB/libcxxcanard/libs/libcanard/canard.c.obj
 .debug_loclists
                0x0000d4e4       0x64 CMakeFiles/Lazur_motor.dir/Core/Src/adc.c.obj
 .debug_loclists
                0x0000d548       0x3e CMakeFiles/Lazur_motor.dir/Core/Src/fdcan.c.obj
 .debug_loclists
                0x0000d586       0x89 CMakeFiles/Lazur_motor.dir/Core/Src/i2c.c.obj
 .debug_loclists
                0x0000d60f       0x75 CMakeFiles/Lazur_motor.dir/Core/Src/spi.c.obj
 .debug_loclists
                0x0000d684       0x9d CMakeFiles/Lazur_motor.dir/Core/Src/tim.c.obj
 .debug_loclists
                0x0000d721       0x3e CMakeFiles/Lazur_motor.dir/Core/Src/usart.c.obj
 .debug_loclists
                0x0000d75f     0x1a3e CMakeFiles/Lazur_motor.dir/Drivers/STM32G4xx_HAL_Driver/Src/stm32g4xx_hal_adc.c.obj
 .debug_loclists
                0x0000f19d     0x1658 CMakeFiles/Lazur_motor.dir/Drivers/STM32G4xx_HAL_Driver/Src/stm32g4xx_hal_adc_ex.c.obj
 .debug_loclists
                0x000107f5      0x173 CMakeFiles/Lazur_motor.dir/Drivers/STM32G4xx_HAL_Driver/Src/stm32g4xx_hal.c.obj
 .debug_loclists
                0x00010968      0x5f5 CMakeFiles/Lazur_motor.dir/Drivers/STM32G4xx_HAL_Driver/Src/stm32g4xx_hal_rcc.c.obj
 .debug_loclists
                0x00010f5d      0x6e3 CMakeFiles/Lazur_motor.dir/Drivers/STM32G4xx_HAL_Driver/Src/stm32g4xx_hal_rcc_ex.c.obj
 .debug_loclists
                0x00011640      0x2c0 CMakeFiles/Lazur_motor.dir/Drivers/STM32G4xx_HAL_Driver/Src/stm32g4xx_hal_gpio.c.obj
 .debug_loclists
                0x00011900      0x675 CMakeFiles/Lazur_motor.dir/Drivers/STM32G4xx_HAL_Driver/Src/stm32g4xx_hal_dma.c.obj
 .debug_loclists
                0x00011f75      0x4b4 CMakeFiles/Lazur_motor.dir/Drivers/STM32G4xx_HAL_Driver/Src/stm32g4xx_hal_pwr_ex.c.obj
 .debug_loclists
                0x00012429      0x5df CMakeFiles/Lazur_motor.dir/Drivers/STM32G4xx_HAL_Driver/Src/stm32g4xx_hal_cortex.c.obj
 .debug_loclists
                0x00012a08      0x8f4 CMakeFiles/Lazur_motor.dir/Drivers/STM32G4xx_HAL_Driver/Src/stm32g4xx_hal_cordic.c.obj
 .debug_loclists
                0x000132fc      0xf79 CMakeFiles/Lazur_motor.dir/Drivers/STM32G4xx_HAL_Driver/Src/stm32g4xx_hal_fdcan.c.obj
 .debug_loclists
                0x00014275     0x632b CMakeFiles/Lazur_motor.dir/Drivers/STM32G4xx_HAL_Driver/Src/stm32g4xx_hal_i2c.c.obj
 .debug_loclists
                0x0001a5a0      0x15b CMakeFiles/Lazur_motor.dir/Drivers/STM32G4xx_HAL_Driver/Src/stm32g4xx_hal_i2c_ex.c.obj
 .debug_loclists
                0x0001a6fb     0x180d CMakeFiles/Lazur_motor.dir/Drivers/STM32G4xx_HAL_Driver/Src/stm32g4xx_hal_spi.c.obj
 .debug_loclists
                0x0001bf08     0x4254 CMakeFiles/Lazur_motor.dir/Drivers/STM32G4xx_HAL_Driver/Src/stm32g4xx_hal_tim.c.obj
 .debug_loclists
                0x0002015c     0x1a0a CMakeFiles/Lazur_motor.dir/Drivers/STM32G4xx_HAL_Driver/Src/stm32g4xx_hal_tim_ex.c.obj
 .debug_loclists
                0x00021b66     0x3da7 CMakeFiles/Lazur_motor.dir/Drivers/STM32G4xx_HAL_Driver/Src/stm32g4xx_hal_uart.c.obj
 .debug_loclists
                0x0002590d      0x91c CMakeFiles/Lazur_motor.dir/Drivers/STM32G4xx_HAL_Driver/Src/stm32g4xx_hal_uart_ex.c.obj
 .debug_loclists
                0x00026229       0x7e CMakeFiles/Lazur_motor.dir/Core/Src/system_stm32g4xx.c.obj
 .debug_loclists
                0x000262a7       0x5a CMakeFiles/Lazur_motor.dir/Core/Src/sysmem.c.obj
 .debug_loclists
                0x00026301       0x71 /usr/lib/gcc/arm-none-eabi/13.2.1/../../../arm-none-eabi/lib/thumb/v7e-m+fp/hard/libstdc++_nano.a(atexit_arm.o)
 .debug_loclists
                0x00026372       0x29 /usr/lib/gcc/arm-none-eabi/13.2.1/../../../arm-none-eabi/lib/thumb/v7e-m+fp/hard/libstdc++_nano.a(del_ops.o)
 .debug_loclists
                0x0002639b       0x29 /usr/lib/gcc/arm-none-eabi/13.2.1/../../../arm-none-eabi/lib/thumb/v7e-m+fp/hard/libstdc++_nano.a(del_op.o)
 .debug_loclists
                0x000263c4       0x65 /usr/lib/gcc/arm-none-eabi/13.2.1/../../../arm-none-eabi/lib/thumb/v7e-m+fp/hard/libc_nano.a(libc_a-init.o)
 .debug_loclists
                0x00026429      0x1c2 /usr/lib/gcc/arm-none-eabi/13.2.1/../../../arm-none-eabi/lib/thumb/v7e-m+fp/hard/libc_nano.a(libc_a-memset.o)
 .debug_loclists
                0x000265eb       0x8e /usr/lib/gcc/arm-none-eabi/13.2.1/../../../arm-none-eabi/lib/thumb/v7e-m+fp/hard/libc_nano.a(libc_a-cxa_atexit.o)
 .debug_loclists